Component: ARM Compiler 5.06 update 7 (build 960) Tool: armlink [4d3601]

==============================================================================

Section Cross References

    startup_stm32f103xb.o(STACK) refers (Special) to heapauxi.o(.text) for __use_two_region_memory
    startup_stm32f103xb.o(HEAP) refers (Special) to heapauxi.o(.text) for __use_two_region_memory
    startup_stm32f103xb.o(RESET) refers (Special) to heapauxi.o(.text) for __use_two_region_memory
    startup_stm32f103xb.o(RESET) refers to startup_stm32f103xb.o(STACK) for __initial_sp
    startup_stm32f103xb.o(RESET) refers to startup_stm32f103xb.o(.text) for Reset_Handler
    startup_stm32f103xb.o(RESET) refers to stm32f1xx_it.o(i.NMI_Handler) for NMI_Handler
    startup_stm32f103xb.o(RESET) refers to stm32f1xx_it.o(i.HardFault_Handler) for HardFault_Handler
    startup_stm32f103xb.o(RESET) refers to stm32f1xx_it.o(i.MemManage_Handler) for MemManage_Handler
    startup_stm32f103xb.o(RESET) refers to stm32f1xx_it.o(i.BusFault_Handler) for BusFault_Handler
    startup_stm32f103xb.o(RESET) refers to stm32f1xx_it.o(i.UsageFault_Handler) for UsageFault_Handler
    startup_stm32f103xb.o(RESET) refers to port.o(.emb_text) for SVC_Handler
    startup_stm32f103xb.o(RESET) refers to stm32f1xx_it.o(i.DebugMon_Handler) for DebugMon_Handler
    startup_stm32f103xb.o(RESET) refers to cmsis_os2.o(i.SysTick_Handler) for SysTick_Handler
    startup_stm32f103xb.o(RESET) refers to stm32f1xx_it.o(i.EXTI0_IRQHandler) for EXTI0_IRQHandler
    startup_stm32f103xb.o(RESET) refers to stm32f1xx_it.o(i.TIM4_IRQHandler) for TIM4_IRQHandler
    startup_stm32f103xb.o(.text) refers (Special) to heapauxi.o(.text) for __use_two_region_memory
    startup_stm32f103xb.o(.text) refers to system_stm32f1xx.o(i.SystemInit) for SystemInit
    startup_stm32f103xb.o(.text) refers to __main.o(!!!main) for __main
    startup_stm32f103xb.o(.text) refers to startup_stm32f103xb.o(HEAP) for Heap_Mem
    startup_stm32f103xb.o(.text) refers to startup_stm32f103xb.o(STACK) for Stack_Mem
    main.o(i.HAL_TIM_PeriodElapsedCallback) refers to stm32f1xx_hal.o(i.HAL_IncTick) for HAL_IncTick
    main.o(i.SystemClock_Config) refers to rt_memclr_w.o(.text) for __aeabi_memclr4
    main.o(i.SystemClock_Config) refers to stm32f1xx_hal_rcc.o(i.HAL_RCC_OscConfig) for HAL_RCC_OscConfig
    main.o(i.SystemClock_Config) refers to stm32f1xx_hal_rcc.o(i.HAL_RCC_ClockConfig) for HAL_RCC_ClockConfig
    main.o(i.main) refers to stm32f1xx_hal.o(i.HAL_Init) for HAL_Init
    main.o(i.main) refers to main.o(i.SystemClock_Config) for SystemClock_Config
    main.o(i.main) refers to gpio.o(i.MX_GPIO_Init) for MX_GPIO_Init
    main.o(i.main) refers to i2c.o(i.MX_I2C1_Init) for MX_I2C1_Init
    main.o(i.main) refers to usart.o(i.MX_USART1_UART_Init) for MX_USART1_UART_Init
    main.o(i.main) refers to usart.o(i.MX_USART3_UART_Init) for MX_USART3_UART_Init
    main.o(i.main) refers to iwdg.o(i.MX_IWDG_Init) for MX_IWDG_Init
    main.o(i.main) refers to cmsis_os2.o(i.osKernelInitialize) for osKernelInitialize
    main.o(i.main) refers to freertos.o(i.MX_FREERTOS_Init) for MX_FREERTOS_Init
    main.o(i.main) refers to cmsis_os2.o(i.osKernelStart) for osKernelStart
    gpio.o(i.MX_GPIO_Init) refers to stm32f1xx_hal_gpio.o(i.HAL_GPIO_WritePin) for HAL_GPIO_WritePin
    gpio.o(i.MX_GPIO_Init) refers to stm32f1xx_hal_gpio.o(i.HAL_GPIO_Init) for HAL_GPIO_Init
    gpio.o(i.MX_GPIO_Init) refers to stm32f1xx_hal_cortex.o(i.HAL_NVIC_SetPriority) for HAL_NVIC_SetPriority
    gpio.o(i.MX_GPIO_Init) refers to stm32f1xx_hal_cortex.o(i.HAL_NVIC_EnableIRQ) for HAL_NVIC_EnableIRQ
    freertos.o(i.CheckPowerSaveTimeout) refers to cmsis_os2.o(i.osKernelGetTickCount) for osKernelGetTickCount
    freertos.o(i.CheckPowerSaveTimeout) refers to freertos.o(.data) for .data
    freertos.o(i.ClearActionDisplayArea) refers to oled.o(i.OLED_Set_Pos) for OLED_Set_Pos
    freertos.o(i.ClearActionDisplayArea) refers to oled.o(i.OLED_WR_DATA) for OLED_WR_DATA
    freertos.o(i.CommManager_Task) refers to cmsis_os2.o(i.osDelay) for osDelay
    freertos.o(i.DisplayAction) refers to oled.o(i.OLED_ShowIcon) for OLED_ShowIcon
    freertos.o(i.DisplayAction) refers to oled.o(i.OLED_ShowChinese16x16) for OLED_ShowChinese16x16
    freertos.o(i.DisplayAction) refers to motor.o(i.Motor_Horizontal_Torque) for Motor_Horizontal_Torque
    freertos.o(i.DisplayAction) refers to cmsis_os2.o(i.osDelay) for osDelay
    freertos.o(i.DisplayAction) refers to drv_sdi.o(i.protocol_send_acfly_message) for protocol_send_acfly_message
    freertos.o(i.DisplayAction) refers to motor.o(i.Motor_Takeoff_Ascend_Torque) for Motor_Takeoff_Ascend_Torque
    freertos.o(i.DisplayAction) refers to motor.o(i.Motor_Descend_Land_Torque) for Motor_Descend_Land_Torque
    freertos.o(i.DisplayAction) refers to oledfont.o(.constdata) for Toright
    freertos.o(i.DisplayAction) refers to oledfont.o(.constdata) for Turnright
[...]
    i.prvTimerTask                           0x080037b0   Section        0  timers.o(i.prvTimerTask)
    prvTimerTask                             0x080037b1   Thumb Code    32  timers.o(i.prvTimerTask)
    i.prvUnlockQueue                         0x080037d4   Section        0  queue.o(i.prvUnlockQueue)
    prvUnlockQueue                           0x080037d5   Thumb Code   106  queue.o(i.prvUnlockQueue)
    i.pvPortMalloc                           0x08003840   Section        0  heap_4.o(i.pvPortMalloc)
    i.pvTaskIncrementMutexHeldCount          0x0800391c   Section        0  tasks.o(i.pvTaskIncrementMutexHeldCount)
    i.pxPortInitialiseStack                  0x08003934   Section        0  port.o(i.pxPortInitialiseStack)
    i.uxListRemove                           0x08003958   Section        0  list.o(i.uxListRemove)
    i.vApplicationGetIdleTaskMemory          0x08003980   Section        0  cmsis_os2.o(i.vApplicationGetIdleTaskMemory)
    i.vApplicationGetTimerTaskMemory         0x08003994   Section        0  cmsis_os2.o(i.vApplicationGetTimerTaskMemory)
    i.vListInitialise                        0x080039ac   Section        0  list.o(i.vListInitialise)
    i.vListInitialiseItem                    0x080039c2   Section        0  list.o(i.vListInitialiseItem)
    i.vListInsert                            0x080039c8   Section        0  list.o(i.vListInsert)
    i.vListInsertEnd                         0x080039f8   Section        0  list.o(i.vListInsertEnd)
    i.vPortEnterCritical                     0x08003a10   Section        0  port.o(i.vPortEnterCritical)
    i.vPortExitCritical                      0x08003a50   Section        0  port.o(i.vPortExitCritical)
    i.vPortFree                              0x08003a78   Section        0  heap_4.o(i.vPortFree)
    i.vPortSetupTimerInterrupt               0x08003adc   Section        0  port.o(i.vPortSetupTimerInterrupt)
    i.vPortValidateInterruptPriority         0x08003b00   Section        0  port.o(i.vPortValidateInterruptPriority)
    i.vQueueAddToRegistry                    0x08003b54   Section        0  queue.o(i.vQueueAddToRegistry)
    i.vQueueWaitForMessageRestricted         0x08003b7c   Section        0  queue.o(i.vQueueWaitForMessageRestricted)
    i.vTaskDelay                             0x08003bc0   Section        0  tasks.o(i.vTaskDelay)
    i.vTaskInternalSetTimeOutState           0x08003c0c   Section        0  tasks.o(i.vTaskInternalSetTimeOutState)
    i.vTaskMissedYield                       0x08003c1c   Section        0  tasks.o(i.vTaskMissedYield)
    i.vTaskPlaceOnEventList                  0x08003c28   Section        0  tasks.o(i.vTaskPlaceOnEventList)
    i.vTaskPlaceOnEventListRestricted        0x08003c58   Section        0  tasks.o(i.vTaskPlaceOnEventListRestricted)
    i.vTaskPriorityDisinheritAfterTimeout    0x08003c90   Section        0  tasks.o(i.vTaskPriorityDisinheritAfterTimeout)
    i.vTaskStartScheduler                    0x08003d20   Section        0  tasks.o(i.vTaskStartScheduler)
    i.vTaskSuspendAll                        0x08003da8   Section        0  tasks.o(i.vTaskSuspendAll)
    i.vTaskSwitchContext                     0x08003db8   Section        0  tasks.o(i.vTaskSwitchContext)
    i.xPortStartScheduler                    0x08003e1c   Section        0  port.o(i.xPortStartScheduler)
    i.xPortSysTickHandler                    0x08003ec4   Section        0  port.o(i.xPortSysTickHandler)
    i.xQueueGenericCreateStatic              0x08003ef0   Section        0  queue.o(i.xQueueGenericCreateStatic)
    i.xQueueGenericReset                     0x08003f58   Section        0  queue.o(i.xQueueGenericReset)
    i.xQueueGenericSend                      0x08003fe0   Section        0  queue.o(i.xQueueGenericSend)
    i.xQueueGenericSendFromISR               0x08004140   Section        0  queue.o(i.xQueueGenericSendFromISR)
    i.xQueueReceive                          0x08004200   Section        0  queue.o(i.xQueueReceive)
    i.xQueueSemaphoreTake                    0x08004338   Section        0  queue.o(i.xQueueSemaphoreTake)
    i.xTaskCheckForTimeOut                   0x080044b0   Section        0  tasks.o(i.xTaskCheckForTimeOut)
    i.xTaskCreate                            0x08004524   Section        0  tasks.o(i.xTaskCreate)
    i.xTaskCreateStatic                      0x0800457e   Section        0  tasks.o(i.xTaskCreateStatic)
    i.xTaskGetSchedulerState                 0x080045d4   Section        0  tasks.o(i.xTaskGetSchedulerState)
    i.xTaskGetTickCount                      0x080045f0   Section        0  tasks.o(i.xTaskGetTickCount)
    i.xTaskGetTickCountFromISR               0x080045fc   Section        0  tasks.o(i.xTaskGetTickCountFromISR)
    i.xTaskIncrementTick                     0x0800460c   Section        0  tasks.o(i.xTaskIncrementTick)
    i.xTaskPriorityDisinherit                0x080046d4   Section        0  tasks.o(i.xTaskPriorityDisinherit)
    i.xTaskPriorityInherit                   0x08004754   Section        0  tasks.o(i.xTaskPriorityInherit)
    i.xTaskRemoveFromEventList               0x080047cc   Section        0  tasks.o(i.xTaskRemoveFromEventList)
    i.xTaskResumeAll                         0x0800483c   Section        0  tasks.o(i.xTaskResumeAll)
    i.xTimerCreateTimerTask                  0x08004900   Section        0  timers.o(i.xTimerCreateTimerTask)
    i.xTimerGenericCommand                   0x08004960   Section        0  timers.o(i.xTimerGenericCommand)
    .constdata                               0x080049c8   Section      108  freertos.o(.constdata)
    .constdata                               0x08004a34   Section       18  stm32f1xx_hal_rcc.o(.constdata)
    aPredivFactorTable                       0x08004a34   Data           2  stm32f1xx_hal_rcc.o(.constdata)
    aPLLMULFactorTable                       0x08004a36   Data          16  stm32f1xx_hal_rcc.o(.constdata)
    .constdata                               0x08004a46   Section       16  system_stm32f1xx.o(.constdata)
    .constdata                               0x08004a56   Section        8  system_stm32f1xx.o(.constdata)
    .constdata                               0x08004a5e   Section      512  drv_sdi.o(.constdata)
    crc16_tab                                0x08004a5e   Data         512  drv_sdi.o(.constdata)
    .constdata                               0x08004c5e   Section       16  keypad.o(.constdata)
    keyMap                                   0x08004c5e   Data          16  keypad.o(.constdata)
    .constdata                               0x08004c6e   Section      552  oledfont.o(.constdata)
    .constdata                               0x08004e96   Section     1504  oledfont.o(.constdata)
    .constdata                               0x08005476   Section      448  oledfont.o(.constdata)
    .constdata                               0x08005636   Section       32  oledfont.o(.constdata)
    .constdata                               0x08005656   Section       64  oledfont.o(.constdata)
    .constdata                               0x08005696   Section       64  oledfont.o(.constdata)
    .constdata                               0x080056d6   Section       64  oledfont.o(.constdata)
    .constdata                               0x08005716   Section       64  oledfont.o(.constdata)
    .constdata                               0x08005756   Section       64  oledfont.o(.constdata)
    .constdata                               0x08005796   Section       64  oledfont.o(.constdata)
    .constdata                               0x080057d6   Section       64  oledfont.o(.constdata)
    .constdata                               0x08005816   Section       64  oledfont.o(.constdata)
    .constdata                               0x08005856   Section       64  oledfont.o(.constdata)
    .constdata                               0x08005896   Section       32  oledfont.o(.constdata)
    .constdata                               0x080058b6   Section       32  oledfont.o(.constdata)
    .conststring                             0x080058d8   Section       36  freertos.o(.conststring)
    .data                                    0x20000000   Section       40  freertos.o(.data)
    hit                                      0x20000004   Data           4  freertos.o(.data)
    lastWakeupTime                           0x2000000c   Data           4  freertos.o(.data)
    action_mgr                               0x2000001c   Data          12  freertos.o(.data)
    .data                                    0x20000028   Section        1  freertos.o(.data)
    .data                                    0x2000002c   Section       12  stm32f1xx_hal.o(.data)
    .data                                    0x20000038   Section        4  system_stm32f1xx.o(.data)
    .data                                    0x2000003c   Section       60  tasks.o(.data)
    uxDeletedTasksWaitingCleanUp             0x20000040   Data           4  tasks.o(.data)
    uxCurrentNumberOfTasks                   0x20000044   Data           4  tasks.o(.data)
    xTickCount                               0x20000048   Data           4  tasks.o(.data)
    uxTopReadyPriority                       0x2000004c   Data           4  tasks.o(.data)
    xSchedulerRunning                        0x20000050   Data           4  tasks.o(.data)
    xPendedTicks                             0x20000054   Data           4  tasks.o(.data)
    xYieldPending                            0x20000058   Data           4  tasks.o(.data)
    xNumOfOverflows                          0x2000005c   Data           4  tasks.o(.data)
    uxTaskNumber                             0x20000060   Data           4  tasks.o(.data)
    xNextTaskUnblockTime                     0x20000064   Data           4  tasks.o(.data)
    xIdleTaskHandle                          0x20000068   Data           4  tasks.o(.data)
    uxSchedulerSuspended                     0x2000006c   Data           4  tasks.o(.data)
    pxDelayedTaskList                        0x20000070   Data           4  tasks.o(.data)
    pxOverflowDelayedTaskList                0x20000074   Data           4  tasks.o(.data)
    .data                                    0x20000078   Section       20  timers.o(.data)
    xTimerQueue                              0x20000078   Data           4  timers.o(.data)
    xTimerTaskHandle                         0x2000007c   Data           4  timers.o(.data)
    xLastTime                                0x20000080   Data           4  timers.o(.data)
    pxCurrentTimerList                       0x20000084   Data           4  timers.o(.data)
    pxOverflowTimerList                      0x20000088   Data           4  timers.o(.data)
    .data                                    0x2000008c   Section        4  cmsis_os2.o(.data)
    KernelState                              0x2000008c   Data           4  cmsis_os2.o(.data)
    .data                                    0x20000090   Section       32  heap_4.o(.data)
    pxEnd                                    0x20000090   Data           4  heap_4.o(.data)
    xFreeBytesRemaining                      0x20000094   Data           4  heap_4.o(.data)
    xMinimumEverFreeBytesRemaining           0x20000098   Data           4  heap_4.o(.data)
    xNumberOfSuccessfulAllocations           0x2000009c   Data           4  heap_4.o(.data)
    xNumberOfSuccessfulFrees                 0x200000a0   Data           4  heap_4.o(.data)
    xBlockAllocatedBit                       0x200000a4   Data           4  heap_4.o(.data)
    xStart                                   0x200000a8   Data           8  heap_4.o(.data)
    .data                                    0x200000b0   Section       12  port.o(.data)
    ucMaxSysCallPriority                     0x200000b0   Data           1  port.o(.data)
    uxCriticalNesting                        0x200000b4   Data           4  port.o(.data)
    ulMaxPRIGROUPValue                       0x200000b8   Data           4  port.o(.data)
    .data                                    0x200000bc   Section        1  keypad.o(.data)
    .data                                    0x200000bd   Section        1  keypad.o(.data)
    .data                                    0x200000be   Section        1  keypad.o(.data)
    .data                                    0x200000bf   Section        1  keypad.o(.data)
    .data                                    0x200000c0   Section       23  oled.o(.data)
    .bss                                     0x200000d8   Section       84  i2c.o(.bss)
    .bss                                     0x2000012c   Section       12  iwdg.o(.bss)
    .bss                                     0x20000138   Section      144  usart.o(.bss)
    .bss                                     0x200001c8   Section       72  stm32f1xx_hal_timebase_tim.o(.bss)
    .bss                                     0x20000210   Section       64  queue.o(.bss)
    .bss                                     0x20000250   Section     1220  tasks.o(.bss)
    pxReadyTasksLists                        0x20000250   Data        1120  tasks.o(.bss)
    xDelayedTaskList1                        0x200006b0   Data          20  tasks.o(.bss)
    xDelayedTaskList2                        0x200006c4   Data          20  tasks.o(.bss)
    xPendingReadyList                        0x200006d8   Data          20  tasks.o(.bss)
    xTasksWaitingTermination                 0x200006ec   Data          20  tasks.o(.bss)
    xSuspendedTaskList                       0x20000700   Data          20  tasks.o(.bss)
    .bss                                     0x20000714   Section      280  timers.o(.bss)
    xStaticTimerQueue                        0x20000714   Data          80  timers.o(.bss)
    ucStaticTimerQueueStorage                0x20000764   Data         160  timers.o(.bss)
    xActiveTimerList1                        0x20000804   Data          20  timers.o(.bss)
    xActiveTimerList2                        0x20000818   Data          20  timers.o(.bss)
    .bss                                     0x2000082c   Section     1720  cmsis_os2.o(.bss)
    Idle_TCB                                 0x2000082c   Data          92  cmsis_os2.o(.bss)
    Idle_Stack                               0x20000888   Data         512  cmsis_os2.o(.bss)
    Timer_TCB                                0x20000a88   Data          92  cmsis_os2.o(.bss)
    Timer_Stack                              0x20000ae4   Data        1024  cmsis_os2.o(.bss)
    .bss                                     0x20000ee4   Section     3072  heap_4.o(.bss)
    ucHeap                                   0x20000ee4   Data        3072  heap_4.o(.bss)
    .bss                                     0x20001ae4   Section       52  commmanager.o(.bss)
    comm_mgr                                 0x20001ae4   Data          52  commmanager.o(.bss)
    .bss                                     0x20001b18   Section       96  libspace.o(.bss)
    HEAP                                     0x20001b78   Section      512  startup_stm32f103xb.o(HEAP)
    Heap_Mem                                 0x20001b78   Data         512  startup_stm32f103xb.o(HEAP)
    STACK                                    0x20001d78   Section     1024  startup_stm32f103xb.o(STACK)
    Stack_Mem                                0x20001d78   Data        1024  startup_stm32f103xb.o(STACK)
    __initial_sp                             0x20002178   Data           0  startup_stm32f103xb.o(STACK)

    Global Symbols

    Symbol Name                              Value     Ov Type        Size  Object(Section)

    BuildAttributes$$THM_ISAv4$P$D$K$B$S$PE$A:L22UL41UL21$X:L11$S22US41US21$IEEE1$IW$USESV6$~STKCKD$USESV7$~SHL$OSPACE$ROPI$EBA8$UX$STANDARDLIB$REQ8$PRES8$EABIv2 0x00000000   Number         0  anon$$obj.o ABSOLUTE
    __ARM_use_no_argv                        0x00000000   Number         0  main.o ABSOLUTE
    __ARM_exceptions_init                     - Undefined Weak Reference
    __alloca_initialize                       - Undefined Weak Reference
    __arm_fini_                               - Undefined Weak Reference
    __arm_preinit_                            - Undefined Weak Reference
    __cpp_initialize__aeabi_                  - Undefined Weak Reference
    __cxa_finalize                            - Undefined Weak Reference
    __rt_locale                               - Undefined Weak Reference
    __sigvec_lookup                           - Undefined Weak Reference
    _atexit_init                              - Undefined Weak Reference
    _call_atexit_fns                          - Undefined Weak Reference
    _clock_init                               - Undefined Weak Reference
    _fp_trap_init                             - Undefined Weak Reference
    _fp_trap_shutdown                         - Undefined Weak Reference
    _get_lc_collate                           - Undefined Weak Reference
    _get_lc_ctype                             - Undefined Weak Reference
    _get_lc_monetary                          - Undefined Weak Reference
    _get_lc_numeric                           - Undefined Weak Reference
    _get_lc_time                              - Undefined Weak Reference
    _getenv_init                              - Undefined Weak Reference
    _handle_redirection                       - Undefined Weak Reference
    _init_alloc                               - Undefined Weak Reference
    _init_user_alloc                          - Undefined Weak Reference
    _initio                                   - Undefined Weak Reference
    _rand_init                                - Undefined Weak Reference
    _signal_finish                            - Undefined Weak Reference
    _signal_init                              - Undefined Weak Reference
    _terminate_alloc                          - Undefined Weak Reference
    _terminate_user_alloc                     - Undefined Weak Reference
    _terminateio                              - Undefined Weak Reference
    __Vectors_Size                           0x000000ec   Number         0  startup_stm32f103xb.o ABSOLUTE
    __Vectors                                0x08000000   Data           4  startup_stm32f103xb.o(RESET)
    __Vectors_End                            0x080000ec   Data           0  startup_stm32f103xb.o(RESET)
    __main                                   0x080000ed   Thumb Code     8  __main.o(!!!main)
    __scatterload                            0x080000f5   Thumb Code     0  __scatter.o(!!!scatter)
    __scatterload_rt2                        0x080000f5   Thumb Code    44  __scatter.o(!!!scatter)
    __scatterload_rt2_thumb_only             0x080000f5   Thumb Code     0  __scatter.o(!!!scatter)
    __scatterload_null                       0x08000103   Thumb Code     0  __scatter.o(!!!scatter)
    __scatterload_copy                       0x08000129   Thumb Code    26  __scatter_copy.o(!!handler_copy)
    __scatterload_zeroinit                   0x08000145   Thumb Code    28  __scatter_zi.o(!!handler_zi)
    __rt_lib_init                            0x08000161   Thumb Code     0  libinit.o(.ARM.Collect$$libinit$$00000000)
    __rt_lib_init_alloca_1                   0x08000163   Thumb Code     0  libinit2.o(.ARM.Collect$$libinit$$0000002E)
    __rt_lib_init_argv_1                     0x08000163   Thumb Code     0  libinit2.o(.ARM.Collect$$libinit$$0000002C)
    __rt_lib_init_atexit_1                   0x08000163   Thumb Code     0  libinit2.o(.ARM.Collect$$libinit$$0000001B)
    __rt_lib_init_clock_1                    0x08000163   Thumb Code     0  libinit2.o(.ARM.Collect$$libinit$$00000021)
    __rt_lib_init_cpp_1                      0x08000163   Thumb Code     0  libinit2.o(.ARM.Collect$$libinit$$00000032)
    __rt_lib_init_exceptions_1               0x08000163   Thumb Code     0  libinit2.o(.ARM.Collect$$libinit$$00000030)
    __rt_lib_init_fp_1                       0x08000163   Thumb Code     0  libinit2.o(.ARM.Collect$$libinit$$00000002)
    __rt_lib_init_fp_trap_1                  0x08000163   Thumb Code     0  libinit2.o(.ARM.Collect$$libinit$$0000001F)
    __rt_lib_init_getenv_1                   0x08000163   Thumb Code     0  libinit2.o(.ARM.Collect$$libinit$$00000023)
    __rt_lib_init_heap_1                     0x08000163   Thumb Code     0  libinit2.o(.ARM.Collect$$libinit$$0000000A)
    __rt_lib_init_lc_collate_1               0x08000163   Thumb Code     0  libinit2.o(.ARM.Collect$$libinit$$00000011)
    __rt_lib_init_lc_ctype_1                 0x08000163   Thumb Code     0  libinit2.o(.ARM.Collect$$libinit$$00000013)
    __rt_lib_init_lc_monetary_1              0x08000163   Thumb Code     0  libinit2.o(.ARM.Collect$$libinit$$00000015)
    __rt_lib_init_lc_numeric_1               0x08000163   Thumb Code     0  libinit2.o(.ARM.Collect$$libinit$$00000017)
    __rt_lib_init_lc_time_1                  0x08000163   Thumb Code     0  libinit2.o(.ARM.Collect$$libinit$$00000019)
    __rt_lib_init_preinit_1                  0x08000163   Thumb Code     0  libinit2.o(.ARM.Collect$$libinit$$00000004)
    __rt_lib_init_rand_1                     0x08000163   Thumb Code     0  libinit2.o(.ARM.Collect$$libinit$$0000000E)
    __rt_lib_init_return                     0x08000163   Thumb Code     0  libinit2.o(.ARM.Collect$$libinit$$00000033)
    __rt_lib_init_signal_1                   0x08000163   Thumb Code     0  libinit2.o(.ARM.Collect$$libinit$$0000001D)
    __rt_lib_init_stdio_1                    0x08000163   Thumb Code     0  libinit2.o(.ARM.Collect$$libinit$$00000025)
    __rt_lib_init_user_alloc_1               0x08000163   Thumb Code     0  libinit2.o(.ARM.Collect$$libinit$$0000000C)
    __rt_lib_shutdown                        0x08000165   Thumb Code     0  libshutdown.o(.ARM.Collect$$libshutdown$$00000000)
    __rt_lib_shutdown_cpp_1                  0x08000167   Thumb Code     0  libshutdown2.o(.ARM.Collect$$libshutdown$$00000004)
    __rt_lib_shutdown_fini_1                 0x08000167   Thumb Code     0  libshutdown2.o(.ARM.Collect$$libshutdown$$00000002)
    __rt_lib_shutdown_fp_trap_1              0x08000167   Thumb Code     0  libshutdown2.o(.ARM.Collect$$libshutdown$$00000009)
    __rt_lib_shutdown_heap_1                 0x08000167   Thumb Code     0  libshutdown2.o(.ARM.Collect$$libshutdown$$00000011)
    __rt_lib_shutdown_return                 0x08000167   Thumb Code     0  libshutdown2.o(.ARM.Collect$$libshutdown$$00000012)
    __rt_lib_shutdown_signal_1               0x08000167   Thumb Code     0  libshutdown2.o(.ARM.Collect$$libshutdown$$0000000C)
    __rt_lib_shutdown_stdio_1                0x08000167   Thumb Code     0  libshutdown2.o(.ARM.Collect$$libshutdown$$00000006)
    __rt_lib_shutdown_user_alloc_1           0x08000167   Thumb Code     0  libshutdown2.o(.ARM.Collect$$libshutdown$$0000000E)
    __rt_entry                               0x08000169   Thumb Code     0  __rtentry.o(.ARM.Collect$$rtentry$$00000000)
    __rt_entry_presh_1                       0x08000169   Thumb Code     0  __rtentry2.o(.ARM.Collect$$rtentry$$00000002)
    __rt_entry_sh                            0x08000169   Thumb Code     0  __rtentry4.o(.ARM.Collect$$rtentry$$00000004)
    __rt_entry_li                            0x0800016f   Thumb Code     0  __rtentry2.o(.ARM.Collect$$rtentry$$0000000A)
    __rt_entry_postsh_1                      0x0800016f   Thumb Code     0  __rtentry2.o(.ARM.Collect$$rtentry$$00000009)
    __rt_entry_main                          0x08000173   Thumb Code     0  __rtentry2.o(.ARM.Collect$$rtentry$$0000000D)
    __rt_entry_postli_1                      0x08000173   Thumb Code     0  __rtentry2.o(.ARM.Collect$$rtentry$$0000000C)
    __rt_exit                                0x0800017b   Thumb Code     0  rtexit.o(.ARM.Collect$$rtexit$$00000000)
    __rt_exit_ls                             0x0800017d   Thumb Code     0  rtexit2.o(.ARM.Collect$$rtexit$$00000003)
    __rt_exit_prels_1                        0x0800017d   Thumb Code     0  rtexit2.o(.ARM.Collect$$rtexit$$00000002)
    __rt_exit_exit                           0x08000181   Thumb Code     0  rtexit2.o(.ARM.Collect$$rtexit$$00000004)
    SVC_Handler                              0x08000189   Thumb Code    32  port.o(.emb_text)
    __asm___6_port_c_39a90d8d__prvStartFirstTask 0x080001ad   Thumb Code    28  port.o(.emb_text)
    PendSV_Handler                           0x080001cd   Thumb Code    72  port.o(.emb_text)
    vPortGetIPSR                             0x08000219   Thumb Code     6  port.o(.emb_text)
    Reset_Handler                            0x08000221   Thumb Code     8  startup_stm32f103xb.o(.text)
    ADC1_2_IRQHandler                        0x0800023b   Thumb Code     0  startup_stm32f103xb.o(.text)
    CAN1_RX1_IRQHandler                      0x0800023b   Thumb Code     0  startup_stm32f103xb.o(.text)
    CAN1_SCE_IRQHandler                      0x0800023b   Thumb Code     0  startup_stm32f103xb.o(.text)
    DMA1_Channel1_IRQHandler                 0x0800023b   Thumb Code     0  startup_stm32f103xb.o(.text)
    DMA1_Channel2_IRQHandler                 0x0800023b   Thumb Code     0  startup_stm32f103xb.o(.text)
    DMA1_Channel3_IRQHandler                 0x0800023b   Thumb Code     0  startup_stm32f103xb.o(.text)
    DMA1_Channel4_IRQHandler                 0x0800023b   Thumb Code     0  startup_stm32f103xb.o(.text)
    DMA1_Channel5_IRQHandler                 0x0800023b   Thumb Code     0  startup_stm32f103xb.o(.text)
    DMA1_Channel6_IRQHandler                 0x0800023b   Thumb Code     0  startup_stm32f103xb.o(.text)
    DMA1_Channel7_IRQHandler                 0x0800023b   Thumb Code     0  startup_stm32f103xb.o(.text)
    EXTI15_10_IRQHandler                     0x0800023b   Thumb Code     0  startup_stm32f103xb.o(.text)
    EXTI1_IRQHandler                         0x0800023b   Thumb Code     0  startup_stm32f103xb.o(.text)
    EXTI2_IRQHandler                         0x0800023b   Thumb Code     0  startup_stm32f103xb.o(.text)
    EXTI3_IRQHandler                         0x0800023b   Thumb Code     0  startup_stm32f103xb.o(.text)
    EXTI4_IRQHandler                         0x0800023b   Thumb Code     0  startup_stm32f103xb.o(.text)
    EXTI9_5_IRQHandler                       0x0800023b   Thumb Code     0  startup_stm32f103xb.o(.text)
    FLASH_IRQHandler                         0x0800023b   Thumb Code     0  startup_stm32f103xb.o(.text)
    I2C1_ER_IRQHandler                       0x0800023b   Thumb Code     0  startup_stm32f103xb.o(.text)
    I2C1_EV_IRQHandler                       0x0800023b   Thumb Code     0  startup_stm32f103xb.o(.text)
    I2C2_ER_IRQHandler                       0x0800023b   Thumb Code     0  startup_stm32f103xb.o(.text)
    I2C2_EV_IRQHandler                       0x0800023b   Thumb Code     0  startup_stm32f103xb.o(.text)
    PVD_IRQHandler                           0x0800023b   Thumb Code     0  startup_stm32f103xb.o(.text)
    RCC_IRQHandler                           0x0800023b   Thumb Code     0  startup_stm32f103xb.o(.text)
    RTC_Alarm_IRQHandler                     0x0800023b   Thumb Code     0  startup_stm32f103xb.o(.text)
    RTC_IRQHandler                           0x0800023b   Thumb Code     0  startup_stm32f103xb.o(.text)
    SPI1_IRQHandler                          0x0800023b   Thumb Code     0  startup_stm32f103xb.o(.text)
    SPI2_IRQHandler                          0x0800023b   Thumb Code     0  startup_stm32f103xb.o(.text)
    TAMPER_IRQHandler                        0x0800023b   Thumb Code     0  startup_stm32f103xb.o(.text)
    TIM1_BRK_IRQHandler                      0x0800023b   Thumb Code     0  startup_stm32f103xb.o(.text)
    TIM1_CC_IRQHandler                       0x0800023b   Thumb Code     0  startup_stm32f103xb.o(.text)
    TIM1_TRG_COM_IRQHandler                  0x0800023b   Thumb Code     0  startup_stm32f103xb.o(.text)
    TIM1_UP_IRQHandler                       0x0800023b   Thumb Code     0  startup_stm32f103xb.o(.text)
    TIM2_IRQHandler                          0x0800023b   Thumb Code     0  startup_stm32f103xb.o(.text)
    TIM3_IRQHandler                          0x0800023b   Thumb Code     0  startup_stm32f103xb.o(.text)
    USART1_IRQHandler                        0x0800023b   Thumb Code     0  startup_stm32f103xb.o(.text)
    USART2_IRQHandler                        0x0800023b   Thumb Code     0  startup_stm32f103xb.o(.text)
    USART3_IRQHandler                        0x0800023b   Thumb Code     0  startup_stm32f103xb.o(.text)
    USBWakeUp_IRQHandler                     0x0800023b   Thumb Code     0  startup_stm32f103xb.o(.text)
    USB_HP_CAN1_TX_IRQHandler                0x0800023b   Thumb Code     0  startup_stm32f103xb.o(.text)
    USB_LP_CAN1_RX0_IRQHandler               0x0800023b   Thumb Code     0  startup_stm32f103xb.o(.text)
    WWDG_IRQHandler                          0x0800023b   Thumb Code     0  startup_stm32f103xb.o(.text)
    __user_initial_stackheap                 0x0800023d   Thumb Code     0  startup_stm32f103xb.o(.text)
    __aeabi_memcpy                           0x08000261   Thumb Code     0  rt_memcpy_v6.o(.text)
    __rt_memcpy                              0x08000261   Thumb Code   138  rt_memcpy_v6.o(.text)
    _memcpy_lastbytes                        0x080002c7   Thumb Code     0  rt_memcpy_v6.o(.text)
    __aeabi_memset                           0x080002eb   Thumb Code    16  aeabi_memset.o(.text)
    __aeabi_memclr4                          0x080002fb   Thumb Code     0  rt_memclr_w.o(.text)
    __aeabi_memclr8                          0x080002fb   Thumb Code     0  rt_memclr_w.o(.text)
    __rt_memclr_w                            0x080002fb   Thumb Code    78  rt_memclr_w.o(.text)
    _memset_w                                0x080002ff   Thumb Code     0  rt_memclr_w.o(.text)
    __use_two_region_memory                  0x08000349   Thumb Code     2  heapauxi.o(.text)
    __rt_heap_escrow$2region                 0x0800034b   Thumb Code     2  heapauxi.o(.text)
    __rt_heap_expand$2region                 0x0800034d   Thumb Code     2  heapauxi.o(.text)
    __aeabi_memcpy4                          0x0800034f   Thumb Code     0  rt_memcpy_w.o(.text)
    __aeabi_memcpy8                          0x0800034f   Thumb Code     0  rt_memcpy_w.o(.text)
    __rt_memcpy_w                            0x0800034f   Thumb Code   100  rt_memcpy_w.o(.text)
    _memcpy_lastbytes_aligned                0x08000397   Thumb Code     0  rt_memcpy_w.o(.text)
    __aeabi_memclr                           0x080003b3   Thumb Code     0  rt_memclr.o(.text)
    __rt_memclr                              0x080003b3   Thumb Code    68  rt_memclr.o(.text)
    _memset                                  0x080003b7   Thumb Code     0  rt_memclr.o(.text)
    __user_setup_stackheap                   0x080003f7   Thumb Code    74  sys_stackheap_outer.o(.text)
    exit                                     0x08000441   Thumb Code    18  exit.o(.text)
    __user_libspace                          0x08000455   Thumb Code     8  libspace.o(.text)
    __user_perproc_libspace                  0x08000455   Thumb Code     0  libspace.o(.text)
    __user_perthread_libspace                0x08000455   Thumb Code     0  libspace.o(.text)
    _sys_exit                                0x0800045d   Thumb Code     8  sys_exit.o(.text)
    __I$use$semihosting                      0x08000469   Thumb Code     0  use_no_semi.o(.text)
    __use_no_semihosting_swi                 0x08000469   Thumb Code     2  use_no_semi.o(.text)
    BusFault_Handler                         0x0800046b   Thumb Code     2  stm32f1xx_it.o(i.BusFault_Handler)
    __semihosting_library_function           0x0800046b   Thumb Code     0  indicate_semi.o(.text)
    CheckPowerSaveTimeout                    0x0800046d   Thumb Code    26  freertos.o(i.CheckPowerSaveTimeout)
    ClearActionDisplayArea                   0x08000491   Thumb Code    38  freertos.o(i.ClearActionDisplayArea)
    DebugMon_Handler                         0x080004b7   Thumb Code     2  stm32f1xx_it.o(i.DebugMon_Handler)
    DisplayAction                            0x080004b9   Thumb Code   972  freertos.o(i.DisplayAction)
    EXTI0_IRQHandler                         0x080008c1   Thumb Code    28  stm32f1xx_it.o(i.EXTI0_IRQHandler)
    EnterPowerSaveMode                       0x080008e1   Thumb Code    28  freertos.o(i.EnterPowerSaveMode)
    Error_Handler                            0x08000901   Thumb Code     4  main.o(i.Error_Handler)
    ExitPowerSaveMode                        0x08000905   Thumb Code    36  freertos.o(i.ExitPowerSaveMode)
    HAL_Delay                                0x0800092d   Thumb Code    32  stm32f1xx_hal.o(i.HAL_Delay)
    HAL_GPIO_DeInit                          0x08000951   Thumb Code   254  stm32f1xx_hal_gpio.o(i.HAL_GPIO_DeInit)
    HAL_GPIO_EXTI_Callback                   0x08000a69   Thumb Code     2  stm32f1xx_hal_gpio.o(i.HAL_GPIO_EXTI_Callback)
    HAL_GPIO_EXTI_IRQHandler                 0x08000a6d   Thumb Code    18  stm32f1xx_hal_gpio.o(i.HAL_GPIO_EXTI_IRQHandler)
    HAL_GPIO_Init                            0x08000a85   Thumb Code   446  stm32f1xx_hal_gpio.o(i.HAL_GPIO_Init)
    HAL_GPIO_ReadPin                         0x08000c65   Thumb Code    10  stm32f1xx_hal_gpio.o(i.HAL_GPIO_ReadPin)
    HAL_GPIO_WritePin                        0x08000c6f   Thumb Code    10  stm32f1xx_hal_gpio.o(i.HAL_GPIO_WritePin)
    HAL_GetTick                              0x08000c79   Thumb Code     6  stm32f1xx_hal.o(i.HAL_GetTick)
    HAL_I2C_DeInit                           0x08000c85   Thumb Code    50  stm32f1xx_hal_i2c.o(i.HAL_I2C_DeInit)
    HAL_I2C_Init                             0x08000cb9   Thumb Code   376  stm32f1xx_hal_i2c.o(i.HAL_I2C_Init)
    HAL_I2C_Mem_Write                        0x08000e41   Thumb Code   294  stm32f1xx_hal_i2c.o(i.HAL_I2C_Mem_Write)
    HAL_I2C_MspDeInit                        0x08000f71   Thumb Code    44  i2c.o(i.HAL_I2C_MspDeInit)
    HAL_I2C_MspInit                          0x08000fa9   Thumb Code    80  i2c.o(i.HAL_I2C_MspInit)
    HAL_IWDG_Init                            0x08001005   Thumb Code    94  stm32f1xx_hal_iwdg.o(i.HAL_IWDG_Init)
    HAL_IWDG_Refresh                         0x08001063   Thumb Code    12  stm32f1xx_hal_iwdg.o(i.HAL_IWDG_Refresh)
    HAL_IncTick                              0x08001071   Thumb Code    12  stm32f1xx_hal.o(i.HAL_IncTick)
    HAL_Init                                 0x08001081   Thumb Code    32  stm32f1xx_hal.o(i.HAL_Init)
    HAL_InitTick                             0x080010a5   Thumb Code   132  stm32f1xx_hal_timebase_tim.o(i.HAL_InitTick)
    HAL_MspInit                              0x0800113d   Thumb Code    62  stm32f1xx_hal_msp.o(i.HAL_MspInit)
    HAL_NVIC_EnableIRQ                       0x08001185   Thumb Code    26  stm32f1xx_hal_cortex.o(i.HAL_NVIC_EnableIRQ)
    HAL_NVIC_SetPriority                     0x080011a1   Thumb Code    60  stm32f1xx_hal_cortex.o(i.HAL_NVIC_SetPriority)
    HAL_NVIC_SetPriorityGrouping             0x080011e1   Thumb Code    26  stm32f1xx_hal_cortex.o(i.HAL_NVIC_SetPriorityGrouping)
    HAL_RCC_ClockConfig                      0x08001205   Thumb Code   280  stm32f1xx_hal_rcc.o(i.HAL_RCC_ClockConfig)
    HAL_RCC_GetClockConfig                   0x08001331   Thumb Code    54  stm32f1xx_hal_rcc.o(i.HAL_RCC_GetClockConfig)
    HAL_RCC_GetPCLK1Freq                     0x08001371   Thumb Code    20  stm32f1xx_hal_rcc.o(i.HAL_RCC_GetPCLK1Freq)
    HAL_RCC_GetPCLK2Freq                     0x08001391   Thumb Code    20  stm32f1xx_hal_rcc.o(i.HAL_RCC_GetPCLK2Freq)
    HAL_RCC_GetSysClockFreq                  0x080013b1   Thumb Code    58  stm32f1xx_hal_rcc.o(i.HAL_RCC_GetSysClockFreq)
    HAL_RCC_OscConfig                        0x080013fd   Thumb Code   778  stm32f1xx_hal_rcc.o(i.HAL_RCC_OscConfig)
    HAL_TIMEx_BreakCallback                  0x0800171d   Thumb Code     2  stm32f1xx_hal_tim_ex.o(i.HAL_TIMEx_BreakCallback)
    HAL_TIMEx_CommutCallback                 0x0800171f   Thumb Code     2  stm32f1xx_hal_tim_ex.o(i.HAL_TIMEx_CommutCallback)
    HAL_TIM_Base_Init                        0x08001721   Thumb Code    90  stm32f1xx_hal_tim.o(i.HAL_TIM_Base_Init)
    HAL_TIM_Base_MspInit                     0x0800177b   Thumb Code     2  stm32f1xx_hal_tim.o(i.HAL_TIM_Base_MspInit)
    HAL_TIM_Base_Start_IT                    0x0800177d   Thumb Code    76  stm32f1xx_hal_tim.o(i.HAL_TIM_Base_Start_IT)
    HAL_TIM_IC_CaptureCallback               0x080017d5   Thumb Code     2  stm32f1xx_hal_tim.o(i.HAL_TIM_IC_CaptureCallback)
    HAL_TIM_IRQHandler                       0x080017d7   Thumb Code   304  stm32f1xx_hal_tim.o(i.HAL_TIM_IRQHandler)
    HAL_TIM_OC_DelayElapsedCallback          0x08001907   Thumb Code     2  stm32f1xx_hal_tim.o(i.HAL_TIM_OC_DelayElapsedCallback)
    HAL_TIM_PWM_PulseFinishedCallback        0x08001909   Thumb Code     2  stm32f1xx_hal_tim.o(i.HAL_TIM_PWM_PulseFinishedCallback)
    HAL_TIM_PeriodElapsedCallback            0x0800190d   Thumb Code    14  main.o(i.HAL_TIM_PeriodElapsedCallback)
    HAL_TIM_TriggerCallback                  0x08001921   Thumb Code     2  stm32f1xx_hal_tim.o(i.HAL_TIM_TriggerCallback)
    HAL_UART_Init                            0x08001923   Thumb Code   100  stm32f1xx_hal_uart.o(i.HAL_UART_Init)
    HAL_UART_MspInit                         0x08001989   Thumb Code   166  usart.o(i.HAL_UART_MspInit)
    HAL_UART_Transmit                        0x08001a45   Thumb Code   160  stm32f1xx_hal_uart.o(i.HAL_UART_Transmit)
    HandleLockToggle                         0x08001ae5   Thumb Code   142  freertos.o(i.HandleLockToggle)
    HandleModeSwitch                         0x08001b81   Thumb Code   178  freertos.o(i.HandleModeSwitch)
    HandleWakeupInterrupt                    0x08001c49   Thumb Code    26  freertos.o(i.HandleWakeupInterrupt)
    HardFault_Handler                        0x08001c69   Thumb Code     2  stm32f1xx_it.o(i.HardFault_Handler)
    Keypad_Init                              0x08001f3b   Thumb Code     2  keypad.o(i.Keypad_Init)
    Keypad_Scan                              0x08001f3d   Thumb Code   278  keypad.o(i.Keypad_Scan)
    Keypad_Task                              0x08002061   Thumb Code    12  freertos.o(i.Keypad_Task)
    MX_FREERTOS_Init                         0x0800206d   Thumb Code    46  freertos.o(i.MX_FREERTOS_Init)
    MX_GPIO_Init                             0x080020b1   Thumb Code   214  gpio.o(i.MX_GPIO_Init)
    MX_I2C1_Init                             0x0800219d   Thumb Code    50  i2c.o(i.MX_I2C1_Init)
    MX_IWDG_Init                             0x080021dd   Thumb Code    36  iwdg.o(i.MX_IWDG_Init)
    MX_USART1_UART_Init                      0x08002209   Thumb Code    48  usart.o(i.MX_USART1_UART_Init)
    MX_USART3_UART_Init                      0x08002241   Thumb Code    48  usart.o(i.MX_USART3_UART_Init)
    MemManage_Handler                        0x08002279   Thumb Code     2  stm32f1xx_it.o(i.MemManage_Handler)
    Motor_Descend_Land_Torque                0x0800227b   Thumb Code    14  motor.o(i.Motor_Descend_Land_Torque)
    Motor_Enable                             0x08002289   Thumb Code    28  motor.o(i.Motor_Enable)
    Motor_Horizontal_Torque                  0x080022ad   Thumb Code    14  motor.o(i.Motor_Horizontal_Torque)
    Motor_Stop                               0x080022bd   Thumb Code    22  motor.o(i.Motor_Stop)
    Motor_Takeoff_Ascend_Torque              0x080022dd   Thumb Code    14  motor.o(i.Motor_Takeoff_Ascend_Torque)
    Motor_Torque_Control                     0x080022eb   Thumb Code    60  motor.o(i.Motor_Torque_Control)
    NMI_Handler                              0x08002327   Thumb Code     2  stm32f1xx_it.o(i.NMI_Handler)
    OLED_Clear                               0x08002329   Thumb Code    52  oled.o(i.OLED_Clear)
    OLED_Display_On                          0x0800235d   Thumb Code    24  oled.o(i.OLED_Display_On)
    OLED_Init                                0x08002375   Thumb Code    70  oled.o(i.OLED_Init)
    OLED_IntensityControl                    0x080023c5   Thumb Code    20  oled.o(i.OLED_IntensityControl)
    OLED_RestoreDisplayState                 0x080023d9   Thumb Code     2  oled.o(i.OLED_RestoreDisplayState)
    OLED_SaveDisplayState                    0x080023dd   Thumb Code     8  oled.o(i.OLED_SaveDisplayState)
    OLED_Set_Pos                             0x080023e9   Thumb Code    34  oled.o(i.OLED_Set_Pos)
    OLED_ShowChar                            0x0800240d   Thumb Code   148  oled.o(i.OLED_ShowChar)
    OLED_ShowChinese16x16                    0x080024a9   Thumb Code    84  oled.o(i.OLED_ShowChinese16x16)
    OLED_ShowIcon                            0x08002501   Thumb Code    80  oled.o(i.OLED_ShowIcon)
    OLED_ShowNum                             0x08002551   Thumb Code   116  oled.o(i.OLED_ShowNum)
    OLED_SleepMode_Enter                     0x080025c5   Thumb Code    36  oled.o(i.OLED_SleepMode_Enter)
    OLED_SleepMode_Exit                      0x080025e9   Thumb Code    36  oled.o(i.OLED_SleepMode_Exit)
    OLED_WR_CMD                              0x0800260d   Thumb Code    82  oled.o(i.OLED_WR_CMD)
    OLED_WR_DATA                             0x08002665   Thumb Code    82  oled.o(i.OLED_WR_DATA)
    SendFlightControlCommand                 0x080026bd   Thumb Code    38  freertos.o(i.SendFlightControlCommand)
    SendSimpleCommand                        0x080026e3   Thumb Code    14  freertos.o(i.SendSimpleCommand)
    SendStopCommand                          0x080026f1   Thumb Code    24  freertos.o(i.SendStopCommand)
    SetFlightMode                            0x0800270d   Thumb Code    14  freertos.o(i.SetFlightMode)
    StartDefaultTask                         0x0800271b   Thumb Code    12  freertos.o(i.StartDefaultTask)
    SysTick_Handler                          0x08002727   Thumb Code    26  cmsis_os2.o(i.SysTick_Handler)
    SystemClock_Config                       0x08002741   Thumb Code   100  main.o(i.SystemClock_Config)
    SystemInit                               0x080027a5   Thumb Code     2  system_stm32f1xx.o(i.SystemInit)
    System_Task                              0x080027a9   Thumb Code   580  freertos.o(i.System_Task)
    TIM4_IRQHandler                          0x08002a0d   Thumb Code     6  stm32f1xx_it.o(i.TIM4_IRQHandler)
    TIM_Base_SetConfig                       0x08002a19   Thumb Code   108  stm32f1xx_hal_tim.o(i.TIM_Base_SetConfig)
    UART_Send                                0x08002ae1   Thumb Code    12  motor.o(i.UART_Send)
    UpdateActivityTime                       0x08002c1d   Thumb Code    12  freertos.o(i.UpdateActivityTime)
    UpdateConnectionDisplay                  0x08002c2d   Thumb Code    80  freertos.o(i.UpdateConnectionDisplay)
    UpdateSignalDisplay                      0x08002c85   Thumb Code    58  freertos.o(i.UpdateSignalDisplay)
    UsageFault_Handler                       0x08002cc5   Thumb Code     2  stm32f1xx_it.o(i.UsageFault_Handler)
    comm_send_message                        0x08002e91   Thumb Code   116  commmanager.o(i.comm_send_message)
    main                                     0x08002f09   Thumb Code    42  main.o(i.main)
    oled_pow                                 0x08002f33   Thumb Code    16  oled.o(i.oled_pow)
    osDelay                                  0x08002f43   Thumb Code    26  cmsis_os2.o(i.osDelay)
    osKernelGetTickCount                     0x08002f5d   Thumb Code    14  cmsis_os2.o(i.osKernelGetTickCount)
    osKernelInitialize                       0x08002f6d   Thumb Code    32  cmsis_os2.o(i.osKernelInitialize)
    osKernelStart                            0x08002f91   Thumb Code    48  cmsis_os2.o(i.osKernelStart)
    osThreadNew                              0x08002fc9   Thumb Code   138  cmsis_os2.o(i.osThreadNew)
    protocol_send_acfly_message              0x08003055   Thumb Code    82  drv_sdi.o(i.protocol_send_acfly_message)
    pvPortMalloc                             0x08003841   Thumb Code   216  heap_4.o(i.pvPortMalloc)
    pvTaskIncrementMutexHeldCount            0x0800391d   Thumb Code    18  tasks.o(i.pvTaskIncrementMutexHeldCount)
    pxPortInitialiseStack                    0x08003935   Thumb Code    32  port.o(i.pxPortInitialiseStack)
    uxListRemove                             0x08003959   Thumb Code    38  list.o(i.uxListRemove)
    vApplicationGetIdleTaskMemory            0x08003981   Thumb Code    16  cmsis_os2.o(i.vApplicationGetIdleTaskMemory)
    vApplicationGetTimerTaskMemory           0x08003995   Thumb Code    18  cmsis_os2.o(i.vApplicationGetTimerTaskMemory)
    vListInitialise                          0x080039ad   Thumb Code    22  list.o(i.vListInitialise)
    vListInitialiseItem                      0x080039c3   Thumb Code     6  list.o(i.vListInitialiseItem)
    vListInsert                              0x080039c9   Thumb Code    48  list.o(i.vListInsert)
    vListInsertEnd                           0x080039f9   Thumb Code    24  list.o(i.vListInsertEnd)
    vPortEnterCritical                       0x08003a11   Thumb Code    54  port.o(i.vPortEnterCritical)
    vPortExitCritical                        0x08003a51   Thumb Code    34  port.o(i.vPortExitCritical)
    vPortFree                                0x08003a79   Thumb Code    94  heap_4.o(i.vPortFree)
    vPortSetupTimerInterrupt                 0x08003add   Thumb Code    32  port.o(i.vPortSetupTimerInterrupt)
    vPortValidateInterruptPriority           0x08003b01   Thumb Code    74  port.o(i.vPortValidateInterruptPriority)
    vQueueAddToRegistry                      0x08003b55   Thumb Code    34  queue.o(i.vQueueAddToRegistry)
    vQueueWaitForMessageRestricted           0x08003b7d   Thumb Code    68  queue.o(i.vQueueWaitForMessageRestricted)
    vTaskDelay                               0x08003bc1   Thumb Code    66  tasks.o(i.vTaskDelay)
    vTaskInternalSetTimeOutState             0x08003c0d   Thumb Code    12  tasks.o(i.vTaskInternalSetTimeOutState)
    vTaskMissedYield                         0x08003c1d   Thumb Code     8  tasks.o(i.vTaskMissedYield)
    vTaskPlaceOnEventList                    0x08003c29   Thumb Code    44  tasks.o(i.vTaskPlaceOnEventList)
    vTaskPlaceOnEventListRestricted          0x08003c59   Thumb Code    52  tasks.o(i.vTaskPlaceOnEventListRestricted)
    vTaskPriorityDisinheritAfterTimeout      0x08003c91   Thumb Code   134  tasks.o(i.vTaskPriorityDisinheritAfterTimeout)
    vTaskStartScheduler                      0x08003d21   Thumb Code   118  tasks.o(i.vTaskStartScheduler)
    vTaskSuspendAll                          0x08003da9   Thumb Code    10  tasks.o(i.vTaskSuspendAll)
    vTaskSwitchContext                       0x08003db9   Thumb Code    90  tasks.o(i.vTaskSwitchContext)
    xPortStartScheduler                      0x08003e1d   Thumb Code   154  port.o(i.xPortStartScheduler)
    xPortSysTickHandler                      0x08003ec5   Thumb Code    38  port.o(i.xPortSysTickHandler)
    xQueueGenericCreateStatic                0x08003ef1   Thumb Code   102  queue.o(i.xQueueGenericCreateStatic)
    xQueueGenericReset                       0x08003f59   Thumb Code   132  queue.o(i.xQueueGenericReset)
    xQueueGenericSend                        0x08003fe1   Thumb Code   346  queue.o(i.xQueueGenericSend)
    xQueueGenericSendFromISR                 0x08004141   Thumb Code   190  queue.o(i.xQueueGenericSendFromISR)
    xQueueReceive                            0x08004201   Thumb Code   308  queue.o(i.xQueueReceive)
    xQueueSemaphoreTake                      0x08004339   Thumb Code   372  queue.o(i.xQueueSemaphoreTake)
    xTaskCheckForTimeOut                     0x080044b1   Thumb Code   112  tasks.o(i.xTaskCheckForTimeOut)
    xTaskCreate                              0x08004525   Thumb Code    90  tasks.o(i.xTaskCreate)
    xTaskCreateStatic                        0x0800457f   Thumb Code    86  tasks.o(i.xTaskCreateStatic)
    xTaskGetSchedulerState                   0x080045d5   Thumb Code    22  tasks.o(i.xTaskGetSchedulerState)
    xTaskGetTickCount                        0x080045f1   Thumb Code     6  tasks.o(i.xTaskGetTickCount)
    xTaskGetTickCountFromISR                 0x080045fd   Thumb Code    12  tasks.o(i.xTaskGetTickCountFromISR)
    xTaskIncrementTick                       0x0800460d   Thumb Code   192  tasks.o(i.xTaskIncrementTick)
    xTaskPriorityDisinherit                  0x080046d5   Thumb Code   118  tasks.o(i.xTaskPriorityDisinherit)
    xTaskPriorityInherit                     0x08004755   Thumb Code   112  tasks.o(i.xTaskPriorityInherit)
    xTaskRemoveFromEventList                 0x080047cd   Thumb Code    98  tasks.o(i.xTaskRemoveFromEventList)
    xTaskResumeAll                           0x0800483d   Thumb Code   182  tasks.o(i.xTaskResumeAll)
    xTimerCreateTimerTask                    0x08004901   Thumb Code    78  timers.o(i.xTimerCreateTimerTask)
    xTimerGenericCommand                     0x08004961   Thumb Code    98  timers.o(i.xTimerGenericCommand)
    defaultTask_attributes                   0x080049c8   Data          36  freertos.o(.constdata)
    KeypadTask_attributes                    0x080049ec   Data          36  freertos.o(.constdata)
    SystemTask_attributes                    0x08004a10   Data          36  freertos.o(.constdata)
    AHBPrescTable                            0x08004a46   Data          16  system_stm32f1xx.o(.constdata)
    APBPrescTable                            0x08004a56   Data           8  system_stm32f1xx.o(.constdata)
    F6x8                                     0x08004c6e   Data         552  oledfont.o(.constdata)
    F8X16                                    0x08004e96   Data        1504  oledfont.o(.constdata)
    OLED_CF16x16                             0x08005476   Data         448  oledfont.o(.constdata)
    SignalIcon                               0x08005636   Data          32  oledfont.o(.constdata)
    RemoteIcon                               0x08005656   Data          64  oledfont.o(.constdata)
    Forward                                  0x08005696   Data          64  oledfont.o(.constdata)
    Backward                                 0x080056d6   Data          64  oledfont.o(.constdata)
    Toleft                                   0x08005716   Data          64  oledfont.o(.constdata)
    Toright                                  0x08005756   Data          64  oledfont.o(.constdata)
    Takeoff                                  0x08005796   Data          64  oledfont.o(.constdata)
    Landfall                                 0x080057d6   Data          64  oledfont.o(.constdata)
    Turnleft                                 0x08005816   Data          64  oledfont.o(.constdata)
    Turnright                                0x08005856   Data          64  oledfont.o(.constdata)
    Lock                                     0x08005896   Data          32  oledfont.o(.constdata)
    Unlock                                   0x080058b6   Data          32  oledfont.o(.constdata)
    Region$$Table$$Base                      0x080058fc   Number         0  anon$$obj.o(Region$$Table)
    Region$$Table$$Limit                     0x0800591c   Number         0  anon$$obj.o(Region$$Table)
    currentPowerMode                         0x20000000   Data           1  freertos.o(.data)
    oledDisplayState                         0x20000001   Data           1  freertos.o(.data)
    lastActivityTime                         0x20000008   Data           4  freertos.o(.data)
    defaultTaskHandle                        0x20000010   Data           4  freertos.o(.data)
    KeypadTaskHandle                         0x20000014   Data           4  freertos.o(.data)
    SystemTaskHandle                         0x20000018   Data           4  freertos.o(.data)
    displayContentSaved                      0x20000028   Data           1  freertos.o(.data)
    uwTickFreq                               0x2000002c   Data           1  stm32f1xx_hal.o(.data)
    uwTickPrio                               0x20000030   Data           4  stm32f1xx_hal.o(.data)
    uwTick                                   0x20000034   Data           4  stm32f1xx_hal.o(.data)
    SystemCoreClock                          0x20000038   Data           4  system_stm32f1xx.o(.data)
    pxCurrentTCB                             0x2000003c   Data           4  tasks.o(.data)
    currentMode                              0x200000bc   Data           1  keypad.o(.data)
    lockStatus                               0x200000bd   Data           1  keypad.o(.data)
    droneConnection                          0x200000be   Data           1  keypad.o(.data)
    signalStrength                           0x200000bf   Data           1  keypad.o(.data)
    CMD_Data                                 0x200000c0   Data          23  oled.o(.data)
    hi2c1                                    0x200000d8   Data          84  i2c.o(.bss)
    hiwdg                                    0x2000012c   Data          12  iwdg.o(.bss)
    huart1                                   0x20000138   Data          72  usart.o(.bss)
    huart3                                   0x20000180   Data          72  usart.o(.bss)
    htim4                                    0x200001c8   Data          72  stm32f1xx_hal_timebase_tim.o(.bss)
    xQueueRegistry                           0x20000210   Data          64  queue.o(.bss)
    __libspace_start                         0x20001b18   Data          96  libspace.o(.bss)
    __temporary_stack_top$libspace           0x20001b78   Data           0  libspace.o(.bss)



==============================================================================

Memory Map of the image

  Image Entry point : 0x080000ed

  Load Region LR_IROM1 (Base: 0x08000000, Size: 0x000059f4, Max: 0x00010000, ABSOLUTE)

    Execution Region ER_IROM1 (Exec base: 0x08000000, Load base: 0x08000000, Size: 0x0000591c, Max: 0x00010000, ABSOLUTE)

    Exec Addr    Load Addr    Size         Type   Attr      Idx    E Section Name        Object

    0x08000000   0x08000000   0x000000ec   Data   RO            3    RESET               startup_stm32f103xb.o
    0x080000ec   0x080000ec   0x00000008   Code   RO         5730  * !!!main             c_w.l(__main.o)
    0x080000f4   0x080000f4   0x00000034   Code   RO         5916    !!!scatter          c_w.l(__scatter.o)
    0x08000128   0x08000128   0x0000001a   Code   RO         5918    !!handler_copy      c_w.l(__scatter_copy.o)
    0x08000142   0x08000142   0x00000002   PAD
    0x08000144   0x08000144   0x0000001c   Code   RO         5920    !!handler_zi        c_w.l(__scatter_zi.o)
    0x08000160   0x08000160   0x00000002   Code   RO         5784    .ARM.Collect$$libinit$$00000000  c_w.l(libinit.o)
    0x08000162   0x08000162   0x00000000   Code   RO         5791    .ARM.Collect$$libinit$$00000002  c_w.l(libinit2.o)
    0x08000162   0x08000162   0x00000000   Code   RO         5793    .ARM.Collect$$libinit$$00000004  c_w.l(libinit2.o)
    0x08000162   0x08000162   0x00000000   Code   RO         5796    .ARM.Collect$$libinit$$0000000A  c_w.l(libinit2.o)
    0x08000162   0x08000162   0x00000000   Code   RO         5798    .ARM.Collect$$libinit$$0000000C  c_w.l(libinit2.o)
    0x08000162   0x08000162   0x00000000   Code   RO         5800    .ARM.Collect$$libinit$$0000000E  c_w.l(libinit2.o)
    0x08000162   0x08000162   0x00000000   Code   RO         5803    .ARM.Collect$$libinit$$00000011  c_w.l(libinit2.o)
    0x08000162   0x08000162   0x00000000   Code   RO         5805    .ARM.Collect$$libinit$$00000013  c_w.l(libinit2.o)
    0x08000162   0x08000162   0x00000000   Code   RO         5807    .ARM.Collect$$libinit$$00000015  c_w.l(libinit2.o)
    0x08000162   0x08000162   0x00000000   Code   RO         5809    .ARM.Collect$$libinit$$00000017  c_w.l(libinit2.o)
    0x08000162   0x08000162   0x00000000   Code   RO         5811    .ARM.Collect$$libinit$$00000019  c_w.l(libinit2.o)
    0x08000162   0x08000162   0x00000000   Code   RO         5813    .ARM.Collect$$libinit$$0000001B  c_w.l(libinit2.o)
    0x08000162   0x08000162   0x00000000   Code   RO         5815    .ARM.Collect$$libinit$$0000001D  c_w.l(libinit2.o)
    0x08000162   0x08000162   0x00000000   Code   RO         5817    .ARM.Collect$$libinit$$0000001F  c_w.l(libinit2.o)
    0x08000162   0x08000162   0x00000000   Code   RO         5819    .ARM.Collect$$libinit$$00000021  c_w.l(libinit2.o)
    0x08000162   0x08000162   0x00000000   Code   RO         5821    .ARM.Collect$$libinit$$00000023  c_w.l(libinit2.o)
    0x08000162   0x08000162   0x00000000   Code   RO         5823    .ARM.Collect$$libinit$$00000025  c_w.l(libinit2.o)
    0x08000162   0x08000162   0x00000000   Code   RO         5827    .ARM.Collect$$libinit$$0000002C  c_w.l(libinit2.o)
    0x08000162   0x08000162   0x00000000   Code   RO         5829    .ARM.Collect$$libinit$$0000002E  c_w.l(libinit2.o)
    0x08000162   0x08000162   0x00000000   Code   RO         5831    .ARM.Collect$$libinit$$00000030  c_w.l(libinit2.o)
    0x08000162   0x08000162   0x00000000   Code   RO         5833    .ARM.Collect$$libinit$$00000032  c_w.l(libinit2.o)
    0x08000162   0x08000162   0x00000002   Code   RO         5834    .ARM.Collect$$libinit$$00000033  c_w.l(libinit2.o)
    0x08000164   0x08000164   0x00000002   Code   RO         5854    .ARM.Collect$$libshutdown$$00000000  c_w.l(libshutdown.o)
    0x08000166   0x08000166   0x00000000   Code   RO         5867    .ARM.Collect$$libshutdown$$00000002  c_w.l(libshutdown2.o)
    0x08000166   0x08000166   0x00000000   Code   RO         5869    .ARM.Collect$$libshutdown$$00000004  c_w.l(libshutdown2.o)
    0x08000166   0x08000166   0x00000000   Code   RO         5871    .ARM.Collect$$libshutdown$$00000006  c_w.l(libshutdown2.o)
    0x08000166   0x08000166   0x00000000   Code   RO         5874    .ARM.Collect$$libshutdown$$00000009  c_w.l(libshutdown2.o)
    0x08000166   0x08000166   0x00000000   Code   RO         5877    .ARM.Collect$$libshutdown$$0000000C  c_w.l(libshutdown2.o)
    0x08000166   0x08000166   0x00000000   Code   RO         5879    .ARM.Collect$$libshutdown$$0000000E  c_w.l(libshutdown2.o)
    0x08000166   0x08000166   0x00000000   Code   RO         5882    .ARM.Collect$$libshutdown$$00000011  c_w.l(libshutdown2.o)
    0x08000166   0x08000166   0x00000002   Code   RO         5883    .ARM.Collect$$libshutdown$$00000012  c_w.l(libshutdown2.o)
    0x08000168   0x08000168   0x00000000   Code   RO         5750    .ARM.Collect$$rtentry$$00000000  c_w.l(__rtentry.o)
    0x08000168   0x08000168   0x00000000   Code   RO         5761    .ARM.Collect$$rtentry$$00000002  c_w.l(__rtentry2.o)
    0x08000168   0x08000168   0x00000006   Code   RO         5773    .ARM.Collect$$rtentry$$00000004  c_w.l(__rtentry4.o)
    0x0800016e   0x0800016e   0x00000000   Code   RO         5763    .ARM.Collect$$rtentry$$00000009  c_w.l(__rtentry2.o)
    0x0800016e   0x0800016e   0x00000004   Code   RO         5764    .ARM.Collect$$rtentry$$0000000A  c_w.l(__rtentry2.o)
    0x08000172   0x08000172   0x00000000   Code   RO         5766    .ARM.Collect$$rtentry$$0000000C  c_w.l(__rtentry2.o)
    0x08000172   0x08000172   0x00000008   Code   RO         5767    .ARM.Collect$$rtentry$$0000000D  c_w.l(__rtentry2.o)
    0x0800017a   0x0800017a   0x00000002   Code   RO         5788    .ARM.Collect$$rtexit$$00000000  c_w.l(rtexit.o)
    0x0800017c   0x0800017c   0x00000000   Code   RO         5836    .ARM.Collect$$rtexit$$00000002  c_w.l(rtexit2.o)
    0x0800017c   0x0800017c   0x00000004   Code   RO         5837    .ARM.Collect$$rtexit$$00000003  c_w.l(rtexit2.o)
    0x08000180   0x08000180   0x00000006   Code   RO         5838    .ARM.Collect$$rtexit$$00000004  c_w.l(rtexit2.o)
    0x08000186   0x08000186   0x00000002   PAD
    0x08000188   0x08000188   0x00000096   Code   RO         5215    .emb_text           port.o
    0x0800021e   0x0800021e   0x00000002   PAD
    0x08000220   0x08000220   0x00000040   Code   RO            4    .text               startup_stm32f103xb.o
    0x08000260   0x08000260   0x0000008a   Code   RO         5720    .text               c_w.l(rt_memcpy_v6.o)
    0x080002ea   0x080002ea   0x00000010   Code   RO         5724    .text               c_w.l(aeabi_memset.o)
    0x080002fa   0x080002fa   0x0000004e   Code   RO         5726    .text               c_w.l(rt_memclr_w.o)
    0x08000348   0x08000348   0x00000006   Code   RO         5728    .text               c_w.l(heapauxi.o)
    0x0800034e   0x0800034e   0x00000064   Code   RO         5751    .text               c_w.l(rt_memcpy_w.o)
    0x080003b2   0x080003b2   0x00000044   Code   RO         5753    .text               c_w.l(rt_memclr.o)
    0x080003f6   0x080003f6   0x0000004a   Code   RO         5775    .text               c_w.l(sys_stackheap_outer.o)
    0x08000440   0x08000440   0x00000012   Code   RO         5777    .text               c_w.l(exit.o)
    0x08000452   0x08000452   0x00000002   PAD
    0x08000454   0x08000454   0x00000008   Code   RO         5785    .text               c_w.l(libspace.o)
    0x0800045c   0x0800045c   0x0000000c   Code   RO         5846    .text               c_w.l(sys_exit.o)
    0x08000468   0x08000468   0x00000002   Code   RO         5857    .text               c_w.l(use_no_semi.o)
    0x0800046a   0x0800046a   0x00000000   Code   RO         5859    .text               c_w.l(indicate_semi.o)
    0x0800046a   0x0800046a   0x00000002   Code   RO          542    i.BusFault_Handler  stm32f1xx_it.o
    0x0800046c   0x0800046c   0x00000024   Code   RO          238    i.CheckPowerSaveTimeout  freertos.o
    0x08000490   0x08000490   0x00000026   Code   RO          239    i.ClearActionDisplayArea  freertos.o
    0x080004b6   0x080004b6   0x00000002   Code   RO          543    i.DebugMon_Handler  stm32f1xx_it.o
    0x080004b8   0x080004b8   0x00000408   Code   RO          241    i.DisplayAction     freertos.o
    0x080008c0   0x080008c0   0x00000020   Code   RO          544    i.EXTI0_IRQHandler  stm32f1xx_it.o
    0x080008e0   0x080008e0   0x00000020   Code   RO          242    i.EnterPowerSaveMode  freertos.o
    0x08000900   0x08000900   0x00000004   Code   RO           13    i.Error_Handler     main.o
    0x08000904   0x08000904   0x00000028   Code   RO          243    i.ExitPowerSaveMode  freertos.o
    0x0800092c   0x0800092c   0x00000024   Code   RO         1699    i.HAL_Delay         stm32f1xx_hal.o
    0x08000950   0x08000950   0x00000118   Code   RO         2006    i.HAL_GPIO_DeInit   stm32f1xx_hal_gpio.o
    0x08000a68   0x08000a68   0x00000002   Code   RO         2007    i.HAL_GPIO_EXTI_Callback  stm32f1xx_hal_gpio.o
    0x08000a6a   0x08000a6a   0x00000002   PAD
    0x08000a6c   0x08000a6c   0x00000018   Code   RO         2008    i.HAL_GPIO_EXTI_IRQHandler  stm32f1xx_hal_gpio.o
    0x08000a84   0x08000a84   0x000001e0   Code   RO         2009    i.HAL_GPIO_Init     stm32f1xx_hal_gpio.o
    0x08000c64   0x08000c64   0x0000000a   Code   RO         2011    i.HAL_GPIO_ReadPin  stm32f1xx_hal_gpio.o
    0x08000c6e   0x08000c6e   0x0000000a   Code   RO         2013    i.HAL_GPIO_WritePin  stm32f1xx_hal_gpio.o
    0x08000c78   0x08000c78   0x0000000c   Code   RO         1703    i.HAL_GetTick       stm32f1xx_hal.o
    0x08000c84   0x08000c84   0x00000032   Code   RO         2671    i.HAL_I2C_DeInit    stm32f1xx_hal_i2c.o
    0x08000cb6   0x08000cb6   0x00000002   PAD
    0x08000cb8   0x08000cb8   0x00000188   Code   RO         2680    i.HAL_I2C_Init      stm32f1xx_hal_i2c.o
    0x08000e40   0x08000e40   0x00000130   Code   RO         2701    i.HAL_I2C_Mem_Write  stm32f1xx_hal_i2c.o
    0x08000f70   0x08000f70   0x00000038   Code   RO          422    i.HAL_I2C_MspDeInit  i2c.o
    0x08000fa8   0x08000fa8   0x0000005c   Code   RO          423    i.HAL_I2C_MspInit   i2c.o
    0x08001004   0x08001004   0x0000005e   Code   RO         3106    i.HAL_IWDG_Init     stm32f1xx_hal_iwdg.o
    0x08001062   0x08001062   0x0000000c   Code   RO         3107    i.HAL_IWDG_Refresh  stm32f1xx_hal_iwdg.o
    0x0800106e   0x0800106e   0x00000002   PAD
    0x08001070   0x08001070   0x00000010   Code   RO         1709    i.HAL_IncTick       stm32f1xx_hal.o
    0x08001080   0x08001080   0x00000024   Code   RO         1710    i.HAL_Init          stm32f1xx_hal.o
    0x080010a4   0x080010a4   0x00000098   Code   RO          644    i.HAL_InitTick      stm32f1xx_hal_timebase_tim.o
    0x0800113c   0x0800113c   0x00000048   Code   RO          620    i.HAL_MspInit       stm32f1xx_hal_msp.o
    0x08001184   0x08001184   0x0000001a   Code   RO         2169    i.HAL_NVIC_EnableIRQ  stm32f1xx_hal_cortex.o
    0x0800119e   0x0800119e   0x00000002   PAD
    0x080011a0   0x080011a0   0x00000040   Code   RO         2175    i.HAL_NVIC_SetPriority  stm32f1xx_hal_cortex.o
    0x080011e0   0x080011e0   0x00000024   Code   RO         2176    i.HAL_NVIC_SetPriorityGrouping  stm32f1xx_hal_cortex.o
    0x08001204   0x08001204   0x0000012c   Code   RO         1867    i.HAL_RCC_ClockConfig  stm32f1xx_hal_rcc.o
    0x08001330   0x08001330   0x00000040   Code   RO         1871    i.HAL_RCC_GetClockConfig  stm32f1xx_hal_rcc.o
    0x08001370   0x08001370   0x00000020   Code   RO         1874    i.HAL_RCC_GetPCLK1Freq  stm32f1xx_hal_rcc.o
    0x08001390   0x08001390   0x00000020   Code   RO         1875    i.HAL_RCC_GetPCLK2Freq  stm32f1xx_hal_rcc.o
    0x080013b0   0x080013b0   0x0000004c   Code   RO         1876    i.HAL_RCC_GetSysClockFreq  stm32f1xx_hal_rcc.o
    0x080013fc   0x080013fc   0x00000320   Code   RO         1879    i.HAL_RCC_OscConfig  stm32f1xx_hal_rcc.o
    0x0800171c   0x0800171c   0x00000002   Code   RO         1425    i.HAL_TIMEx_BreakCallback  stm32f1xx_hal_tim_ex.o
    0x0800171e   0x0800171e   0x00000002   Code   RO         1426    i.HAL_TIMEx_CommutCallback  stm32f1xx_hal_tim_ex.o
    0x08001720   0x08001720   0x0000005a   Code   RO          721    i.HAL_TIM_Base_Init  stm32f1xx_hal_tim.o
    0x0800177a   0x0800177a   0x00000002   Code   RO          723    i.HAL_TIM_Base_MspInit  stm32f1xx_hal_tim.o
    0x0800177c   0x0800177c   0x00000058   Code   RO          726    i.HAL_TIM_Base_Start_IT  stm32f1xx_hal_tim.o
    0x080017d4   0x080017d4   0x00000002   Code   RO          755    i.HAL_TIM_IC_CaptureCallback  stm32f1xx_hal_tim.o
    0x080017d6   0x080017d6   0x00000130   Code   RO          769    i.HAL_TIM_IRQHandler  stm32f1xx_hal_tim.o
    0x08001906   0x08001906   0x00000002   Code   RO          772    i.HAL_TIM_OC_DelayElapsedCallback  stm32f1xx_hal_tim.o
    0x08001908   0x08001908   0x00000002   Code   RO          799    i.HAL_TIM_PWM_PulseFinishedCallback  stm32f1xx_hal_tim.o
    0x0800190a   0x0800190a   0x00000002   PAD
    0x0800190c   0x0800190c   0x00000014   Code   RO           14    i.HAL_TIM_PeriodElapsedCallback  main.o
    0x08001920   0x08001920   0x00000002   Code   RO          812    i.HAL_TIM_TriggerCallback  stm32f1xx_hal_tim.o
    0x08001922   0x08001922   0x00000064   Code   RO         3166    i.HAL_UART_Init     stm32f1xx_hal_uart.o
    0x08001986   0x08001986   0x00000002   PAD
    0x08001988   0x08001988   0x000000bc   Code   RO          495    i.HAL_UART_MspInit  usart.o
    0x08001a44   0x08001a44   0x000000a0   Code   RO         3174    i.HAL_UART_Transmit  stm32f1xx_hal_uart.o
    0x08001ae4   0x08001ae4   0x0000009c   Code   RO          245    i.HandleLockToggle  freertos.o
    0x08001b80   0x08001b80   0x000000c8   Code   RO          246    i.HandleModeSwitch  freertos.o
    0x08001c48   0x08001c48   0x00000020   Code   RO          247    i.HandleWakeupInterrupt  freertos.o
    0x08001c68   0x08001c68   0x00000002   Code   RO          545    i.HardFault_Handler  stm32f1xx_it.o
    0x08001c6a   0x08001c6a   0x0000002e   Code   RO         2723    i.I2C_IsAcknowledgeFailed  stm32f1xx_hal_i2c.o
    0x08001c98   0x08001c98   0x000000a8   Code   RO         2734    i.I2C_RequestMemoryWrite  stm32f1xx_hal_i2c.o
    0x08001d40   0x08001d40   0x00000056   Code   RO         2738    i.I2C_WaitOnBTFFlagUntilTimeout  stm32f1xx_hal_i2c.o
    0x08001d96   0x08001d96   0x00000002   PAD
    0x08001d98   0x08001d98   0x00000090   Code   RO         2739    i.I2C_WaitOnFlagUntilTimeout  stm32f1xx_hal_i2c.o
    0x08001e28   0x08001e28   0x000000bc   Code   RO         2740    i.I2C_WaitOnMasterAddressFlagUntilTimeout  stm32f1xx_hal_i2c.o
    0x08001ee4   0x08001ee4   0x00000056   Code   RO         2742    i.I2C_WaitOnTXEFlagUntilTimeout  stm32f1xx_hal_i2c.o
    0x08001f3a   0x08001f3a   0x00000002   Code   RO         5414    i.Keypad_Init       keypad.o
    0x08001f3c   0x08001f3c   0x00000124   Code   RO         5415    i.Keypad_Scan       keypad.o
    0x08002060   0x08002060   0x0000000c   Code   RO          248    i.Keypad_Task       freertos.o
    0x0800206c   0x0800206c   0x00000044   Code   RO          249    i.MX_FREERTOS_Init  freertos.o
    0x080020b0   0x080020b0   0x000000ec   Code   RO          214    i.MX_GPIO_Init      gpio.o
    0x0800219c   0x0800219c   0x00000040   Code   RO          424    i.MX_I2C1_Init      i2c.o
    0x080021dc   0x080021dc   0x0000002c   Code   RO          464    i.MX_IWDG_Init      iwdg.o
    0x08002208   0x08002208   0x00000038   Code   RO          496    i.MX_USART1_UART_Init  usart.o
    0x08002240   0x08002240   0x00000038   Code   RO          497    i.MX_USART3_UART_Init  usart.o
    0x08002278   0x08002278   0x00000002   Code   RO          546    i.MemManage_Handler  stm32f1xx_it.o
    0x0800227a   0x0800227a   0x0000000e   Code   RO         5637    i.Motor_Descend_Land_Torque  motor.o
    0x08002288   0x08002288   0x00000024   Code   RO         5639    i.Motor_Enable      motor.o
    0x080022ac   0x080022ac   0x0000000e   Code   RO         5640    i.Motor_Horizontal_Torque  motor.o
    0x080022ba   0x080022ba   0x00000002   PAD
    0x080022bc   0x080022bc   0x00000020   Code   RO         5643    i.Motor_Stop        motor.o
    0x080022dc   0x080022dc   0x0000000e   Code   RO         5644    i.Motor_Takeoff_Ascend_Torque  motor.o
    0x080022ea   0x080022ea   0x0000003c   Code   RO         5645    i.Motor_Torque_Control  motor.o
    0x08002326   0x08002326   0x00000002   Code   RO          547    i.NMI_Handler       stm32f1xx_it.o
    0x08002328   0x08002328   0x00000034   Code   RO         5455    i.OLED_Clear        oled.o
    0x0800235c   0x0800235c   0x00000018   Code   RO         5458    i.OLED_Display_On   oled.o
    0x08002374   0x08002374   0x00000050   Code   RO         5460    i.OLED_Init         oled.o
    0x080023c4   0x080023c4   0x00000014   Code   RO         5461    i.OLED_IntensityControl  oled.o
    0x080023d8   0x080023d8   0x00000002   Code   RO         5463    i.OLED_RestoreDisplayState  oled.o
    0x080023da   0x080023da   0x00000002   PAD
    0x080023dc   0x080023dc   0x0000000c   Code   RO         5464    i.OLED_SaveDisplayState  oled.o
    0x080023e8   0x080023e8   0x00000022   Code   RO         5465    i.OLED_Set_Pos      oled.o
    0x0800240a   0x0800240a   0x00000002   PAD
    0x0800240c   0x0800240c   0x0000009c   Code   RO         5466    i.OLED_ShowChar     oled.o
    0x080024a8   0x080024a8   0x00000058   Code   RO         5467    i.OLED_ShowChinese16x16  oled.o
    0x08002500   0x08002500   0x00000050   Code   RO         5468    i.OLED_ShowIcon     oled.o
    0x08002550   0x08002550   0x00000074   Code   RO         5469    i.OLED_ShowNum      oled.o
    0x080025c4   0x080025c4   0x00000024   Code   RO         5472    i.OLED_SleepMode_Enter  oled.o
    0x080025e8   0x080025e8   0x00000024   Code   RO         5473    i.OLED_SleepMode_Exit  oled.o
    0x0800260c   0x0800260c   0x00000058   Code   RO         5474    i.OLED_WR_CMD       oled.o
    0x08002664   0x08002664   0x00000058   Code   RO         5475    i.OLED_WR_DATA      oled.o
    0x080026bc   0x080026bc   0x00000026   Code   RO          252    i.SendFlightControlCommand  freertos.o
    0x080026e2   0x080026e2   0x0000000e   Code   RO          254    i.SendSimpleCommand  freertos.o
    0x080026f0   0x080026f0   0x0000001c   Code   RO          255    i.SendStopCommand   freertos.o
    0x0800270c   0x0800270c   0x0000000e   Code   RO          256    i.SetFlightMode     freertos.o
    0x0800271a   0x0800271a   0x0000000c   Code   RO          257    i.StartDefaultTask  freertos.o
    0x08002726   0x08002726   0x0000001a   Code   RO         4647    i.SysTick_Handler   cmsis_os2.o
    0x08002740   0x08002740   0x00000064   Code   RO           15    i.SystemClock_Config  main.o
    0x080027a4   0x080027a4   0x00000002   Code   RO         3500    i.SystemInit        system_stm32f1xx.o
    0x080027a6   0x080027a6   0x00000002   PAD
    0x080027a8   0x080027a8   0x00000264   Code   RO          258    i.System_Task       freertos.o
    0x08002a0c   0x08002a0c   0x0000000c   Code   RO          548    i.TIM4_IRQHandler   stm32f1xx_it.o
    0x08002a18   0x08002a18   0x00000078   Code   RO          814    i.TIM_Base_SetConfig  stm32f1xx_hal_tim.o
    0x08002a90   0x08002a90   0x0000004e   Code   RO         3189    i.UART_EndRxTransfer  stm32f1xx_hal_uart.o
    0x08002ade   0x08002ade   0x00000002   PAD
    0x08002ae0   0x08002ae0   0x00000010   Code   RO         5646    i.UART_Send         motor.o
    0x08002af0   0x08002af0   0x000000b8   Code   RO         3192    i.UART_SetConfig    stm32f1xx_hal_uart.o
    0x08002ba8   0x08002ba8   0x00000072   Code   RO         3195    i.UART_WaitOnFlagUntilTimeout  stm32f1xx_hal_uart.o
    0x08002c1a   0x08002c1a   0x00000002   PAD
    0x08002c1c   0x08002c1c   0x00000010   Code   RO          259    i.UpdateActivityTime  freertos.o
    0x08002c2c   0x08002c2c   0x00000058   Code   RO          260    i.UpdateConnectionDisplay  freertos.o
    0x08002c84   0x08002c84   0x00000040   Code   RO          261    i.UpdateSignalDisplay  freertos.o
    0x08002cc4   0x08002cc4   0x00000002   Code   RO          549    i.UsageFault_Handler  stm32f1xx_it.o
    0x08002cc6   0x08002cc6   0x00000020   Code   RO         2182    i.__NVIC_SetPriority  stm32f1xx_hal_cortex.o
    0x08002ce6   0x08002ce6   0x00000180   Code   RO         5330    i.acfly_pack_message_with_crc  drv_sdi.o
    0x08002e66   0x08002e66   0x00000002   PAD
    0x08002e68   0x08002e68   0x00000028   Code   RO         5331    i.calculate_crc16   drv_sdi.o
    0x08002e90   0x08002e90   0x00000078   Code   RO         5296    i.comm_send_message  commmanager.o
    0x08002f08   0x08002f08   0x0000002a   Code   RO           16    i.main              main.o
    0x08002f32   0x08002f32   0x00000010   Code   RO         5476    i.oled_pow          oled.o
    0x08002f42   0x08002f42   0x0000001a   Code   RO         4649    i.osDelay           cmsis_os2.o
    0x08002f5c   0x08002f5c   0x0000000e   Code   RO         4661    i.osKernelGetTickCount  cmsis_os2.o
    0x08002f6a   0x08002f6a   0x00000002   PAD
    0x08002f6c   0x08002f6c   0x00000024   Code   RO         4663    i.osKernelInitialize  cmsis_os2.o
    0x08002f90   0x08002f90   0x00000038   Code   RO         4666    i.osKernelStart     cmsis_os2.o
    0x08002fc8   0x08002fc8   0x0000008a   Code   RO         4708    i.osThreadNew       cmsis_os2.o
    0x08003052   0x08003052   0x00000002   PAD
    0x08003054   0x08003054   0x00000058   Code   RO         5337    i.protocol_send_acfly_message  drv_sdi.o
    0x080030ac   0x080030ac   0x0000005c   Code   RO         4108    i.prvAddCurrentTaskToDelayedList  tasks.o
    0x08003108   0x08003108   0x000000d0   Code   RO         4109    i.prvAddNewTaskToReadyList  tasks.o
    0x080031d8   0x080031d8   0x00000058   Code   RO         4473    i.prvCheckForValidListAndQueue  timers.o
    0x08003230   0x08003230   0x00000026   Code   RO         3705    i.prvCopyDataFromQueue  queue.o
    0x08003256   0x08003256   0x0000006c   Code   RO         3706    i.prvCopyDataToQueue  queue.o
    0x080032c2   0x080032c2   0x00000034   Code   RO         4110    i.prvDeleteTCB      tasks.o
    0x080032f6   0x080032f6   0x00000002   PAD
    0x080032f8   0x080032f8   0x0000004c   Code   RO         5160    i.prvHeapInit       heap_4.o
    0x08003344   0x08003344   0x00000060   Code   RO         4111    i.prvIdleTask       tasks.o
    0x080033a4   0x080033a4   0x00000022   Code   RO         3708    i.prvInitialiseNewQueue  queue.o
    0x080033c6   0x080033c6   0x00000002   PAD
    0x080033c8   0x080033c8   0x000000b0   Code   RO         4112    i.prvInitialiseNewTask  tasks.o
    0x08003478   0x08003478   0x0000004c   Code   RO         5161    i.prvInsertBlockIntoFreeList  heap_4.o
    0x080034c4   0x080034c4   0x00000038   Code   RO         4475    i.prvInsertTimerInActiveList  timers.o
    0x080034fc   0x080034fc   0x0000001c   Code   RO         3709    i.prvIsQueueEmpty   queue.o
    0x08003518   0x08003518   0x000000fc   Code   RO         4476    i.prvProcessReceivedCommands  timers.o
    0x08003614   0x08003614   0x000000c0   Code   RO         4477    i.prvProcessTimerOrBlockTask  timers.o
    0x080036d4   0x080036d4   0x00000020   Code   RO         4114    i.prvResetNextTaskUnblockTime  tasks.o
    0x080036f4   0x080036f4   0x00000028   Code   RO         4478    i.prvSampleTimeNow  timers.o
    0x0800371c   0x0800371c   0x0000006c   Code   RO         4479    i.prvSwitchTimerLists  timers.o
    0x08003788   0x08003788   0x00000028   Code   RO         5216    i.prvTaskExitError  port.o
    0x080037b0   0x080037b0   0x00000024   Code   RO         4480    i.prvTimerTask      timers.o
    0x080037d4   0x080037d4   0x0000006a   Code   RO         3710    i.prvUnlockQueue    queue.o
    0x0800383e   0x0800383e   0x00000002   PAD
    0x08003840   0x08003840   0x000000dc   Code   RO         5162    i.pvPortMalloc      heap_4.o
    0x0800391c   0x0800391c   0x00000018   Code   RO         4117    i.pvTaskIncrementMutexHeldCount  tasks.o
    0x08003934   0x08003934   0x00000024   Code   RO         5217    i.pxPortInitialiseStack  port.o
    0x08003958   0x08003958   0x00000026   Code   RO         3665    i.uxListRemove      list.o
    0x0800397e   0x0800397e   0x00000002   PAD
    0x08003980   0x08003980   0x00000014   Code   RO         4720    i.vApplicationGetIdleTaskMemory  cmsis_os2.o
    0x08003994   0x08003994   0x00000018   Code   RO         4721    i.vApplicationGetTimerTaskMemory  cmsis_os2.o
    0x080039ac   0x080039ac   0x00000016   Code   RO         3666    i.vListInitialise   list.o
    0x080039c2   0x080039c2   0x00000006   Code   RO         3667    i.vListInitialiseItem  list.o
    0x080039c8   0x080039c8   0x00000030   Code   RO         3668    i.vListInsert       list.o
    0x080039f8   0x080039f8   0x00000018   Code   RO         3669    i.vListInsertEnd    list.o
    0x08003a10   0x08003a10   0x00000040   Code   RO         5219    i.vPortEnterCritical  port.o
    0x08003a50   0x08003a50   0x00000028   Code   RO         5220    i.vPortExitCritical  port.o
    0x08003a78   0x08003a78   0x00000064   Code   RO         5163    i.vPortFree         heap_4.o
    0x08003adc   0x08003adc   0x00000024   Code   RO         5221    i.vPortSetupTimerInterrupt  port.o
    0x08003b00   0x08003b00   0x00000054   Code   RO         5222    i.vPortValidateInterruptPriority  port.o
    0x08003b54   0x08003b54   0x00000028   Code   RO         3716    i.vQueueAddToRegistry  queue.o
    0x08003b7c   0x08003b7c   0x00000044   Code   RO         3720    i.vQueueWaitForMessageRestricted  queue.o
    0x08003bc0   0x08003bc0   0x0000004c   Code   RO         4127    i.vTaskDelay        tasks.o
    0x08003c0c   0x08003c0c   0x00000010   Code   RO         4132    i.vTaskInternalSetTimeOutState  tasks.o
    0x08003c1c   0x08003c1c   0x0000000c   Code   RO         4133    i.vTaskMissedYield  tasks.o
    0x08003c28   0x08003c28   0x00000030   Code   RO         4135    i.vTaskPlaceOnEventList  tasks.o
    0x08003c58   0x08003c58   0x00000038   Code   RO         4136    i.vTaskPlaceOnEventListRestricted  tasks.o
    0x08003c90   0x08003c90   0x00000090   Code   RO         4138    i.vTaskPriorityDisinheritAfterTimeout  tasks.o
    0x08003d20   0x08003d20   0x00000088   Code   RO         4144    i.vTaskStartScheduler  tasks.o
    0x08003da8   0x08003da8   0x00000010   Code   RO         4146    i.vTaskSuspendAll   tasks.o
    0x08003db8   0x08003db8   0x00000064   Code   RO         4147    i.vTaskSwitchContext  tasks.o
    0x08003e1c   0x08003e1c   0x000000a8   Code   RO         5223    i.xPortStartScheduler  port.o
    0x08003ec4   0x08003ec4   0x0000002c   Code   RO         5224    i.xPortSysTickHandler  port.o
    0x08003ef0   0x08003ef0   0x00000066   Code   RO         3726    i.xQueueGenericCreateStatic  queue.o
    0x08003f56   0x08003f56   0x00000002   PAD
    0x08003f58   0x08003f58   0x00000088   Code   RO         3727    i.xQueueGenericReset  queue.o
    0x08003fe0   0x08003fe0   0x00000160   Code   RO         3728    i.xQueueGenericSend  queue.o
    0x08004140   0x08004140   0x000000be   Code   RO         3729    i.xQueueGenericSendFromISR  queue.o
    0x080041fe   0x080041fe   0x00000002   PAD
    0x08004200   0x08004200   0x00000138   Code   RO         3738    i.xQueueReceive     queue.o
    0x08004338   0x08004338   0x00000178   Code   RO         3740    i.xQueueSemaphoreTake  queue.o
    0x080044b0   0x080044b0   0x00000074   Code   RO         4149    i.xTaskCheckForTimeOut  tasks.o
    0x08004524   0x08004524   0x0000005a   Code   RO         4150    i.xTaskCreate       tasks.o
    0x0800457e   0x0800457e   0x00000056   Code   RO         4151    i.xTaskCreateStatic  tasks.o
    0x080045d4   0x080045d4   0x0000001c   Code   RO         4155    i.xTaskGetSchedulerState  tasks.o
    0x080045f0   0x080045f0   0x0000000c   Code   RO         4156    i.xTaskGetTickCount  tasks.o
    0x080045fc   0x080045fc   0x00000010   Code   RO         4157    i.xTaskGetTickCountFromISR  tasks.o
    0x0800460c   0x0800460c   0x000000c8   Code   RO         4158    i.xTaskIncrementTick  tasks.o
    0x080046d4   0x080046d4   0x00000080   Code   RO         4161    i.xTaskPriorityDisinherit  tasks.o
    0x08004754   0x08004754   0x00000078   Code   RO         4162    i.xTaskPriorityInherit  tasks.o
    0x080047cc   0x080047cc   0x00000070   Code   RO         4163    i.xTaskRemoveFromEventList  tasks.o
    0x0800483c   0x0800483c   0x000000c4   Code   RO         4164    i.xTaskResumeAll    tasks.o
    0x08004900   0x08004900   0x00000060   Code   RO         4489    i.xTimerCreateTimerTask  timers.o
    0x08004960   0x08004960   0x00000068   Code   RO         4490    i.xTimerGenericCommand  timers.o
    0x080049c8   0x080049c8   0x0000006c   Data   RO          263    .constdata          freertos.o
    0x08004a34   0x08004a34   0x00000012   Data   RO         1880    .constdata          stm32f1xx_hal_rcc.o
    0x08004a46   0x08004a46   0x00000010   Data   RO         3501    .constdata          system_stm32f1xx.o
    0x08004a56   0x08004a56   0x00000008   Data   RO         3502    .constdata          system_stm32f1xx.o
    0x08004a5e   0x08004a5e   0x00000200   Data   RO         5341    .constdata          drv_sdi.o
    0x08004c5e   0x08004c5e   0x00000010   Data   RO         5416    .constdata          keypad.o
    0x08004c6e   0x08004c6e   0x00000228   Data   RO         5607    .constdata          oledfont.o
    0x08004e96   0x08004e96   0x000005e0   Data   RO         5608    .constdata          oledfont.o
    0x08005476   0x08005476   0x000001c0   Data   RO         5609    .constdata          oledfont.o
    0x08005636   0x08005636   0x00000020   Data   RO         5610    .constdata          oledfont.o
    0x08005656   0x08005656   0x00000040   Data   RO         5611    .constdata          oledfont.o
    0x08005696   0x08005696   0x00000040   Data   RO         5612    .constdata          oledfont.o
    0x080056d6   0x080056d6   0x00000040   Data   RO         5613    .constdata          oledfont.o
    0x08005716   0x08005716   0x00000040   Data   RO         5614    .constdata          oledfont.o
    0x08005756   0x08005756   0x00000040   Data   RO         5615    .constdata          oledfont.o
    0x08005796   0x08005796   0x00000040   Data   RO         5616    .constdata          oledfont.o
    0x080057d6   0x080057d6   0x00000040   Data   RO         5617    .constdata          oledfont.o
    0x08005816   0x08005816   0x00000040   Data   RO         5618    .constdata          oledfont.o
    0x08005856   0x08005856   0x00000040   Data   RO         5619    .constdata          oledfont.o
    0x08005896   0x08005896   0x00000020   Data   RO         5620    .constdata          oledfont.o
    0x080058b6   0x080058b6   0x00000020   Data   RO         5621    .constdata          oledfont.o
    0x080058d6   0x080058d6   0x00000002   PAD
    0x080058d8   0x080058d8   0x00000024   Data   RO          264    .conststring        freertos.o
    0x080058fc   0x080058fc   0x00000020   Data   RO         5914    Region$$Table       anon$$obj.o


    Execution Region RW_IRAM1 (Exec base: 0x20000000, Load base: 0x0800591c, Size: 0x00002178, Max: 0x00005000, ABSOLUTE)

    Exec Addr    Load Addr    Size         Type   Attr      Idx    E Section Name        Object

    0x20000000   0x0800591c   0x00000028   Data   RW          265    .data               freertos.o
    0x20000028   0x08005944   0x00000001   Data   RW          266    .data               freertos.o
    0x20000029   0x08005945   0x00000003   PAD
    0x2000002c   0x08005948   0x0000000c   Data   RW         1717    .data               stm32f1xx_hal.o
    0x20000038   0x08005954   0x00000004   Data   RW         3503    .data               system_stm32f1xx.o
    0x2000003c   0x08005958   0x0000003c   Data   RW         4167    .data               tasks.o
    0x20000078   0x08005994   0x00000014   Data   RW         4498    .data               timers.o
    0x2000008c   0x080059a8   0x00000004   Data   RW         4723    .data               cmsis_os2.o
    0x20000090   0x080059ac   0x00000020   Data   RW         5169    .data               heap_4.o
    0x200000b0   0x080059cc   0x0000000c   Data   RW         5225    .data               port.o
    0x200000bc   0x080059d8   0x00000001   Data   RW         5417    .data               keypad.o
    0x200000bd   0x080059d9   0x00000001   Data   RW         5418    .data               keypad.o
    0x200000be   0x080059da   0x00000001   Data   RW         5419    .data               keypad.o
    0x200000bf   0x080059db   0x00000001   Data   RW         5420    .data               keypad.o
    0x200000c0   0x080059dc   0x00000017   Data   RW         5477    .data               oled.o
    0x200000d7   0x080059f3   0x00000001   PAD
    0x200000d8        -       0x00000054   Zero   RW          425    .bss                i2c.o
    0x2000012c        -       0x0000000c   Zero   RW          465    .bss                iwdg.o
    0x20000138        -       0x00000090   Zero   RW          498    .bss                usart.o
    0x200001c8        -       0x00000048   Zero   RW          647    .bss                stm32f1xx_hal_timebase_tim.o
    0x20000210        -       0x00000040   Zero   RW         3742    .bss                queue.o
    0x20000250        -       0x000004c4   Zero   RW         4166    .bss                tasks.o
    0x20000714        -       0x00000118   Zero   RW         4497    .bss                timers.o
    0x2000082c        -       0x000006b8   Zero   RW         4722    .bss                cmsis_os2.o
    0x20000ee4        -       0x00000c00   Zero   RW         5168    .bss                heap_4.o
    0x20001ae4        -       0x00000034   Zero   RW         5297    .bss                commmanager.o
    0x20001b18        -       0x00000060   Zero   RW         5786    .bss                c_w.l(libspace.o)
    0x20001b78        -       0x00000200   Zero   RW            2    HEAP                startup_stm32f103xb.o
    0x20001d78        -       0x00000400   Zero   RW            1    STACK               startup_stm32f103xb.o


==============================================================================

Image component sizes


      Code (inc. data)   RO Data    RW Data    ZI Data      Debug   Object Name

       340         22          0          4       1720      59154   cmsis_os2.o
       120          4          0          0         52       2024   commmanager.o
       512         10        512          0          0       3662   drv_sdi.o
         0          0          0          0          0      19568   event_groups.o
      2532        196        144         41          0      15141   freertos.o
       236         22          0          0          0        975   gpio.o
       472         24          0         32       3072       4703   heap_4.o
       212         38          0          0         84       2121   i2c.o
        44          8          0          0         12        687   iwdg.o
       294         14         16          4          0       3161   keypad.o
       138          0          0          0          0       3334   list.o
       166          6          0          0          0     454184   main.o
       186         22          0          0          0       3595   motor.o
       928         38          0         23          0      10200   oled.o
         0          0       3176          0          0       1132   oledfont.o
       662         70          0         12          0      10621   port.o
      1890         24          0          0         64      18642   queue.o
        64         26        236          0       1536        800   startup_stm32f103xb.o
       100         18          0         12          0       5178   stm32f1xx_hal.o
       158         14          0          0          0      28134   stm32f1xx_hal_cortex.o
       806         66          0          0          0       5521   stm32f1xx_hal_gpio.o
      1464         32          0          0          0       9932   stm32f1xx_hal_i2c.o
       106          0          0          0          0       1823   stm32f1xx_hal_iwdg.o
        72         10          0          0          0        850   stm32f1xx_hal_msp.o
      1304         94         18          0          0       5669   stm32f1xx_hal_rcc.o
       612         24          0          0          0       7072   stm32f1xx_hal_tim.o
         4          0          0          0          0       1549   stm32f1xx_hal_tim_ex.o
       152         20          0          0         72       1447   stm32f1xx_hal_timebase_tim.o
       636          6          0          0          0       4576   stm32f1xx_hal_uart.o
        56         10          0          0          0       3438   stm32f1xx_it.o
         0          0          0          0          0        392   stream_buffer.o
         2          0         24          4          0       1083   system_stm32f1xx.o
      2388        196          0         60       1220      28960   tasks.o
       972         80          0         20        280      31875   timers.o
       300         38          0          0        144       2299   usart.o

    ----------------------------------------------------------------------
     17974       1132       4160        216       8256     753502   Object Totals
         0          0         32          0          0          0   (incl. Generated)
        46          0          2          4          0          0   (incl. Padding)

    ----------------------------------------------------------------------

      Code (inc. data)   RO Data    RW Data    ZI Data      Debug   Library Member Name

         8          0          0          0          0         68   __main.o
         0          0          0          0          0          0   __rtentry.o
        12          0          0          0          0          0   __rtentry2.o
         6          0          0          0          0          0   __rtentry4.o
        52          8          0          0          0          0   __scatter.o
        26          0          0          0          0          0   __scatter_copy.o
        28          0          0          0          0          0   __scatter_zi.o
        16          0          0          0          0         68   aeabi_memset.o
        18          0          0          0          0         80   exit.o
         6          0          0          0          0        152   heapauxi.o
         0          0          0          0          0          0   indicate_semi.o
         2          0          0          0          0          0   libinit.o
         2          0          0          0          0          0   libinit2.o
         2          0          0          0          0          0   libshutdown.o
         2          0          0          0          0          0   libshutdown2.o
         8          4          0          0         96         68   libspace.o
        68          0          0          0          0         68   rt_memclr.o
        78          0          0          0          0         80   rt_memclr_w.o
       138          0          0          0          0         68   rt_memcpy_v6.o
       100          0          0          0          0         80   rt_memcpy_w.o
         2          0          0          0          0          0   rtexit.o
        10          0          0          0          0          0   rtexit2.o
        12          4          0          0          0         68   sys_exit.o
        74          0          0          0          0         80   sys_stackheap_outer.o
         2          0          0          0          0         68   use_no_semi.o

    ----------------------------------------------------------------------
       678         16          0          0         96        948   Library Totals
         6          0          0          0          0          0   (incl. Padding)

    ----------------------------------------------------------------------

      Code (inc. data)   RO Data    RW Data    ZI Data      Debug   Library Name

       672         16          0          0         96        948   c_w.l

    ----------------------------------------------------------------------
       678         16          0          0         96        948   Library Totals

    ----------------------------------------------------------------------

==============================================================================


      Code (inc. data)   RO Data    RW Data    ZI Data      Debug   

     18652       1148       4160        216       8352     744254   Grand Totals
     18652       1148       4160        216       8352     744254   ELF Image Totals
     18652       1148       4160        216          0          0   ROM Totals

==============================================================================

    Total RO  Size (Code + RO Data)                22812 (  22.28kB)
    Total RW  Size (RW Data + ZI Data)              8568 (   8.37kB)
    Total ROM Size (Code + RO Data + RW Data)      23028 (  22.49kB)

==============================================================================

